Component: ARM Compiler 5.06 update 5 (build 528) Tool: armlink [4d35e2]

==============================================================================

Section Cross References

    startup_stm32f10x_md_vl.o(STACK) refers (Special) to heapauxi.o(.text) for __use_two_region_memory
    startup_stm32f10x_md_vl.o(HEAP) refers (Special) to heapauxi.o(.text) for __use_two_region_memory
    startup_stm32f10x_md_vl.o(RESET) refers (Special) to heapauxi.o(.text) for __use_two_region_memory
    startup_stm32f10x_md_vl.o(RESET) refers to startup_stm32f10x_md_vl.o(STACK) for __initial_sp
    startup_stm32f10x_md_vl.o(RESET) refers to startup_stm32f10x_md_vl.o(.text) for Reset_Handler
    startup_stm32f10x_md_vl.o(RESET) refers to port.o(.emb_text) for SVC_Handler
    startup_stm32f10x_md_vl.o(RESET) refers to port.o(i.SysTick_Handler) for SysTick_Handler
    startup_stm32f10x_md_vl.o(RESET) refers to main.o(i.USART1_IRQHandler) for USART1_IRQHandler
    startup_stm32f10x_md_vl.o(RESET) refers to main.o(i.USART2_IRQHandler) for USART2_IRQHandler
    startup_stm32f10x_md_vl.o(.text) refers (Special) to heapauxi.o(.text) for __use_two_region_memory
    startup_stm32f10x_md_vl.o(.text) refers to system_stm32f10x.o(i.SystemInit) for SystemInit
    startup_stm32f10x_md_vl.o(.text) refers to __main.o(!!!main) for __main
    startup_stm32f10x_md_vl.o(.text) refers to startup_stm32f10x_md_vl.o(HEAP) for Heap_Mem
    startup_stm32f10x_md_vl.o(.text) refers to startup_stm32f10x_md_vl.o(STACK) for Stack_Mem
    system_stm32f10x.o(i.SetSysClock) refers to system_stm32f10x.o(i.SetSysClockTo24) for SetSysClockTo24
    system_stm32f10x.o(i.SystemCoreClockUpdate) refers to system_stm32f10x.o(.data) for SystemCoreClock
    system_stm32f10x.o(i.SystemInit) refers to system_stm32f10x.o(i.SetSysClock) for SetSysClock
    main.o(i.main) refers to sysinit.o(i.InitRCC) for InitRCC
    main.o(i.main) refers to sysinit.o(i.GenMCO) for GenMCO
    main.o(i.main) refers to sysinit.o(i.InitGPIO) for InitGPIO
    main.o(i.main) refers to libuart.o(i.InitUART) for InitUART
    main.o(i.main) refers to libpwm.o(i.InitPWM) for InitPWM
    main.o(i.main) refers to libadc.o(i.InitADC) for InitADC
    main.o(i.main) refers to libdac.o(i.InitDAC) for InitDAC
    main.o(i.main) refers to tasks.o(i.xTaskCreate) for xTaskCreate
    main.o(i.main) refers to queue.o(i.xQueueGenericCreate) for xQueueGenericCreate
    main.o(i.main) refers to sysinit.o(i.flashUnlock) for flashUnlock
    main.o(i.main) refers to sysinit.o(i.flashWriteData) for flashWriteData
    main.o(i.main) refers to sysinit.o(i.flashLock) for flashLock
    main.o(i.main) refers to tasks.o(i.vTaskStartScheduler) for vTaskStartScheduler
    main.o(i.main) refers to main.o(i.vTaskNextionHMI) for vTaskNextionHMI
    main.o(i.main) refers to main.o(i.vTaskConvADC) for vTaskConvADC
    main.o(i.main) refers to main.o(i.vTaskDACout) for vTaskDACout
    main.o(i.main) refers to main.o(.data) for SendDataADC
    main.o(i.vTaskConvADC) refers to libadc.o(i.StartConvADC) for StartConvADC
    main.o(i.vTaskConvADC) refers to queue.o(i.xQueueGenericSend) for xQueueGenericSend
    main.o(i.vTaskConvADC) refers to tasks.o(i.vTaskDelay) for vTaskDelay
    main.o(i.vTaskConvADC) refers to main.o(.data) for SendDataADC
    main.o(i.vTaskDACout) refers to rt_memcpy_w.o(.text) for __aeabi_memcpy4
    main.o(i.vTaskDACout) refers to libdac.o(i.writeDAC) for writeDAC
    main.o(i.vTaskDACout) refers to tasks.o(i.vTaskDelay) for vTaskDelay
    main.o(i.vTaskDACout) refers to main.o(.constdata) for .constdata
    main.o(i.vTaskNextionHMI) refers to _printf_percent.o(.ARM.Collect$$_printf_percent$$00000000) for _printf_percent
    main.o(i.vTaskNextionHMI) refers to _printf_u.o(.ARM.Collect$$_printf_percent$$0000000A) for _printf_u
    main.o(i.vTaskNextionHMI) refers to _printf_dec.o(.text) for _printf_int_dec
    main.o(i.vTaskNextionHMI) refers to _printf_f.o(.ARM.Collect$$_printf_percent$$00000003) for _printf_f
    main.o(i.vTaskNextionHMI) refers to printf1.o(x$fpl$printf1) for _printf_fp_dec
    main.o(i.vTaskNextionHMI) refers to queue.o(i.uxQueueMessagesWaiting) for uxQueueMessagesWaiting
    main.o(i.vTaskNextionHMI) refers to queue.o(i.xQueueGenericReceive) for xQueueGenericReceive
    main.o(i.vTaskNextionHMI) refers to noretval__2sprintf.o(.text) for __2sprintf
    main.o(i.vTaskNextionHMI) refers to libuart.o(i.SendStringUSART1) for SendStringUSART1
    main.o(i.vTaskNextionHMI) refers to libuart.o(i.SendDataUSART1) for SendDataUSART1
    main.o(i.vTaskNextionHMI) refers to fflt_clz.o(x$fpl$ffltu) for __aeabi_ui2f
    main.o(i.vTaskNextionHMI) refers to fmul.o(x$fpl$fmul) for __aeabi_fmul
    main.o(i.vTaskNextionHMI) refers to f2d.o(x$fpl$f2d) for __aeabi_f2d
    main.o(i.vTaskNextionHMI) refers to tasks.o(i.vTaskDelay) for vTaskDelay
    main.o(i.vTaskNextionHMI) refers to main.o(.data) for SendDataADC
    libuart.o(i.InitUART) refers to libuart.o(i.InitUSART1) for InitUSART1
[...]
    defsig_fpe_inner.o(.text) refers to defsig_general.o(.text) for __default_signal_display
    defsig_rtred_inner.o(.text) refers to defsig_general.o(.text) for __default_signal_display
    defsig_stak_inner.o(.text) refers to defsig_general.o(.text) for __default_signal_display
    defsig_pvfn_inner.o(.text) refers to defsig_general.o(.text) for __default_signal_display
    defsig_cppl_inner.o(.text) refers to defsig_general.o(.text) for __default_signal_display
    defsig_segv_inner.o(.text) refers to defsig_general.o(.text) for __default_signal_display
    defsig_other.o(.text) refers to defsig_general.o(.text) for __default_signal_display


==============================================================================

Removing Unused input sections from the image.

    Removing core_cm3.o(.emb_text), (32 bytes).
    Removing system_stm32f10x.o(i.SystemCoreClockUpdate), (160 bytes).
    Removing system_stm32f10x.o(.data), (20 bytes).
    Removing sysinit.o(i.flashAllErase), (28 bytes).
    Removing sysinit.o(i.flashReadData), (6 bytes).
    Removing libuart.o(i.SendDataUSART2), (28 bytes).
    Removing libuart.o(i.SendStringUSART2), (28 bytes).
    Removing libuart.o(i.SendUSART2), (28 bytes).
    Removing event_groups.o(i.prvTestWaitCondition), (30 bytes).
    Removing event_groups.o(i.vEventGroupClearBitsCallback), (16 bytes).
    Removing event_groups.o(i.vEventGroupDelete), (42 bytes).
    Removing event_groups.o(i.vEventGroupSetBitsCallback), (16 bytes).
    Removing event_groups.o(i.xEventGroupClearBits), (32 bytes).
    Removing event_groups.o(i.xEventGroupCreate), (26 bytes).
    Removing event_groups.o(i.xEventGroupGetBitsFromISR), (44 bytes).
    Removing event_groups.o(i.xEventGroupSetBits), (146 bytes).
    Removing event_groups.o(i.xEventGroupSync), (164 bytes).
    Removing event_groups.o(i.xEventGroupWaitBits), (200 bytes).
    Removing heap_1.o(i.vPortInitialiseBlocks), (12 bytes).
    Removing heap_1.o(i.xPortGetFreeHeapSize), (16 bytes).
    Removing port.o(i.vPortEndScheduler), (2 bytes).
    Removing queue.o(i.uxQueueMessagesWaitingFromISR), (6 bytes).
    Removing queue.o(i.uxQueueSpacesAvailable), (24 bytes).
    Removing queue.o(i.vQueueDelete), (14 bytes).
    Removing queue.o(i.xQueueGenericSendFromISR), (134 bytes).
    Removing queue.o(i.xQueueGiveFromISR), (120 bytes).
    Removing queue.o(i.xQueueIsQueueEmptyFromISR), (14 bytes).
    Removing queue.o(i.xQueueIsQueueFullFromISR), (18 bytes).
    Removing queue.o(i.xQueuePeekFromISR), (74 bytes).
    Removing queue.o(i.xQueueReceiveFromISR), (130 bytes).
    Removing tasks.o(i.pcTaskGetName), (24 bytes).
    Removing tasks.o(i.prvTaskIsTaskSuspended), (64 bytes).
    Removing tasks.o(i.ulTaskNotifyTake), (116 bytes).
    Removing tasks.o(i.uxTaskGetNumberOfTasks), (12 bytes).
    Removing tasks.o(i.uxTaskPriorityGet), (36 bytes).
    Removing tasks.o(i.uxTaskPriorityGetFromISR), (56 bytes).
    Removing tasks.o(i.uxTaskResetEventItemValue), (28 bytes).
    Removing tasks.o(i.vTaskDelayUntil), (116 bytes).
    Removing tasks.o(i.vTaskDelete), (160 bytes).
    Removing tasks.o(i.vTaskEndScheduler), (36 bytes).
    Removing tasks.o(i.vTaskNotifyGiveFromISR), (176 bytes).
    Removing tasks.o(i.vTaskPlaceOnUnorderedEventList), (44 bytes).
    Removing tasks.o(i.vTaskPrioritySet), (212 bytes).
    Removing tasks.o(i.vTaskResume), (120 bytes).
    Removing tasks.o(i.vTaskSuspend), (148 bytes).
    Removing tasks.o(i.xTaskGenericNotify), (192 bytes).
    Removing tasks.o(i.xTaskGenericNotifyFromISR), (252 bytes).
    Removing tasks.o(i.xTaskGetCurrentTaskHandle), (12 bytes).
    Removing tasks.o(i.xTaskGetSchedulerState), (32 bytes).
    Removing tasks.o(i.xTaskGetTickCount), (12 bytes).
    Removing tasks.o(i.xTaskGetTickCountFromISR), (12 bytes).
    Removing tasks.o(i.xTaskNotifyStateClear), (52 bytes).
    Removing tasks.o(i.xTaskNotifyWait), (160 bytes).
    Removing tasks.o(i.xTaskRemoveFromUnorderedEventList), (108 bytes).
    Removing tasks.o(i.xTaskResumeFromISR), (148 bytes).

55 unused section(s) (total 3938 bytes) removed from the image.

==============================================================================

Image Symbol Table

    Local Symbols

    Symbol Name                              Value     Ov Type        Size  Object(Section)

    ../clib/angel/boardlib.s                 0x00000000   Number         0  boardinit1.o ABSOLUTE
    ../clib/angel/boardlib.s                 0x00000000   Number         0  boardshut.o ABSOLUTE
    ../clib/angel/boardlib.s                 0x00000000   Number         0  boardinit2.o ABSOLUTE
    ../clib/angel/boardlib.s                 0x00000000   Number         0  boardinit3.o ABSOLUTE
    ../clib/angel/handlers.s                 0x00000000   Number         0  __scatter_zi.o ABSOLUTE
    ../clib/angel/handlers.s                 0x00000000   Number         0  __scatter_copy.o ABSOLUTE
    ../clib/angel/kernel.s                   0x00000000   Number         0  __rtentry2.o ABSOLUTE
    ../clib/angel/kernel.s                   0x00000000   Number         0  rtexit2.o ABSOLUTE
    ../clib/angel/kernel.s                   0x00000000   Number         0  __rtentry4.o ABSOLUTE
    ../clib/angel/kernel.s                   0x00000000   Number         0  rtexit.o ABSOLUTE
    ../clib/angel/kernel.s                   0x00000000   Number         0  __rtentry.o ABSOLUTE
    ../clib/angel/rt.s                       0x00000000   Number         0  rt_locale.o ABSOLUTE
    ../clib/angel/rt.s                       0x00000000   Number         0  rt_locale_intlibspace.o ABSOLUTE
    ../clib/angel/rt.s                       0x00000000   Number         0  rt_raise.o ABSOLUTE
    ../clib/angel/scatter.s                  0x00000000   Number         0  __scatter.o ABSOLUTE
    ../clib/angel/startup.s                  0x00000000   Number         0  __main.o ABSOLUTE
    ../clib/angel/sys.s                      0x00000000   Number         0  use_no_semi.o ABSOLUTE
    ../clib/angel/sys.s                      0x00000000   Number         0  indicate_semi.o ABSOLUTE
    ../clib/angel/sys.s                      0x00000000   Number         0  libspace.o ABSOLUTE
    ../clib/angel/sys.s                      0x00000000   Number         0  sys_stackheap_outer.o ABSOLUTE
    ../clib/angel/sysapp.c                   0x00000000   Number         0  sys_command.o ABSOLUTE
    ../clib/angel/sysapp.c                   0x00000000   Number         0  sys_exit.o ABSOLUTE
    ../clib/angel/sysapp.c                   0x00000000   Number         0  sys_wrch.o ABSOLUTE
    ../clib/armsys.c                         0x00000000   Number         0  _get_argv_nomalloc.o ABSOLUTE
    ../clib/armsys.c                         0x00000000   Number         0  argv_veneer.o ABSOLUTE
    ../clib/armsys.c                         0x00000000   Number         0  argv_veneer.o ABSOLUTE
    ../clib/armsys.c                         0x00000000   Number         0  no_argv.o ABSOLUTE
    ../clib/bigflt.c                         0x00000000   Number         0  bigflt0.o ABSOLUTE
    ../clib/btod.s                           0x00000000   Number         0  btod.o ABSOLUTE
    ../clib/heapalloc.c                      0x00000000   Number         0  hrguard.o ABSOLUTE
    ../clib/heapaux.c                        0x00000000   Number         0  heapauxi.o ABSOLUTE
    ../clib/libinit.s                        0x00000000   Number         0  libshutdown2.o ABSOLUTE
    ../clib/libinit.s                        0x00000000   Number         0  libshutdown.o ABSOLUTE
    ../clib/libinit.s                        0x00000000   Number         0  libinit2.o ABSOLUTE
    ../clib/libinit.s                        0x00000000   Number         0  libinit.o ABSOLUTE
    ../clib/locale.s                         0x00000000   Number         0  lc_numeric_c.o ABSOLUTE
    ../clib/longlong.s                       0x00000000   Number         0  lludiv10.o ABSOLUTE
    ../clib/memcpset.s                       0x00000000   Number         0  rt_memcpy_w.o ABSOLUTE
    ../clib/memcpset.s                       0x00000000   Number         0  strcmpv7m.o ABSOLUTE
    ../clib/memcpset.s                       0x00000000   Number         0  rt_memcpy_v6.o ABSOLUTE
    ../clib/misc.s                           0x00000000   Number         0  printf_stubs.o ABSOLUTE
    ../clib/printf.c                         0x00000000   Number         0  _printf_dec.o ABSOLUTE
    ../clib/printf.c                         0x00000000   Number         0  __printf.o ABSOLUTE
    ../clib/printf.c                         0x00000000   Number         0  noretval__2sprintf.o ABSOLUTE
    ../clib/printf.c                         0x00000000   Number         0  __printf_wp.o ABSOLUTE
    ../clib/printf.c                         0x00000000   Number         0  __2sprintf.o ABSOLUTE
    ../clib/printf.c                         0x00000000   Number         0  __printf_flags_wp.o ABSOLUTE
    ../clib/printf.c                         0x00000000   Number         0  __printf_ss_wp.o ABSOLUTE
    ../clib/printf.c                         0x00000000   Number         0  _printf_intcommon.o ABSOLUTE
    ../clib/printf.c                         0x00000000   Number         0  __printf_flags_ss_wp.o ABSOLUTE
    ../clib/printf.c                         0x00000000   Number         0  _printf_fp_dec.o ABSOLUTE
    ../clib/printf.c                         0x00000000   Number         0  _printf_char_common.o ABSOLUTE
    ../clib/printf.c                         0x00000000   Number         0  _sputc.o ABSOLUTE
    ../clib/printf.c                         0x00000000   Number         0  __printf_flags_ss.o ABSOLUTE
    ../clib/printf.c                         0x00000000   Number         0  __printf_ss.o ABSOLUTE
    ../clib/printf.c                         0x00000000   Number         0  __printf_nopercent.o ABSOLUTE
    ../clib/printf.c                         0x00000000   Number         0  _printf_fp_infnan.o ABSOLUTE
    ../clib/printf.c                         0x00000000   Number         0  __printf_flags.o ABSOLUTE
    ../clib/printf_percent.s                 0x00000000   Number         0  _printf_percent_end.o ABSOLUTE
    ../clib/printf_percent.s                 0x00000000   Number         0  _printf_u.o ABSOLUTE
    ../clib/printf_percent.s                 0x00000000   Number         0  _printf_percent.o ABSOLUTE
    ../clib/printf_percent.s                 0x00000000   Number         0  _printf_f.o ABSOLUTE
    ../clib/signal.c                         0x00000000   Number         0  defsig_pvfn_inner.o ABSOLUTE
    ../clib/signal.c                         0x00000000   Number         0  defsig_fpe_inner.o ABSOLUTE
    ../clib/signal.c                         0x00000000   Number         0  defsig_abrt_inner.o ABSOLUTE
    ../clib/signal.c                         0x00000000   Number         0  defsig_general.o ABSOLUTE
    ../clib/signal.c                         0x00000000   Number         0  __raise.o ABSOLUTE
    ../clib/signal.c                         0x00000000   Number         0  defsig_rtmem_inner.o ABSOLUTE
    ../clib/signal.c                         0x00000000   Number         0  defsig_rtmem_formal.o ABSOLUTE
    ../clib/signal.c                         0x00000000   Number         0  defsig_rtmem_outer.o ABSOLUTE
    ../clib/signal.c                         0x00000000   Number         0  defsig_exit.o ABSOLUTE
    ../clib/signal.c                         0x00000000   Number         0  defsig_other.o ABSOLUTE
    ../clib/signal.c                         0x00000000   Number         0  defsig_segv_inner.o ABSOLUTE
    ../clib/signal.c                         0x00000000   Number         0  defsig_cppl_inner.o ABSOLUTE
    ../clib/signal.c                         0x00000000   Number         0  defsig_stak_inner.o ABSOLUTE
    ../clib/signal.c                         0x00000000   Number         0  defsig_rtred_inner.o ABSOLUTE
    ../clib/signal.s                         0x00000000   Number         0  defsig.o ABSOLUTE
    ../clib/stdlib.c                         0x00000000   Number         0  exit.o ABSOLUTE
    ../fplib/dretinf.s                       0x00000000   Number         0  dretinf.o ABSOLUTE
    ../fplib/f2d.s                           0x00000000   Number         0  f2d.o ABSOLUTE
    ../fplib/fflt.s                          0x00000000   Number         0  fflt_clz.o ABSOLUTE
    ../fplib/fmul.s                          0x00000000   Number         0  fmul.o ABSOLUTE
    ../fplib/fnaninf.s                       0x00000000   Number         0  fnaninf.o ABSOLUTE
    ../fplib/fpinit.s                        0x00000000   Number         0  fpinit.o ABSOLUTE
    ../fplib/fretinf.s                       0x00000000   Number         0  fretinf.o ABSOLUTE
    ../fplib/istatus.s                       0x00000000   Number         0  istatus.o ABSOLUTE
    ../fplib/printf1.s                       0x00000000   Number         0  printf1.o ABSOLUTE
    ../fplib/usenofp.s                       0x00000000   Number         0  usenofp.o ABSOLUTE
    ../mathlib/fpclassify.c                  0x00000000   Number         0  fpclassify.o ABSOLUTE
    CMSIS\\src\\core_cm3.c                   0x00000000   Number         0  core_cm3.o ABSOLUTE
    CMSIS\src\core_cm3.c                     0x00000000   Number         0  core_cm3.o ABSOLUTE
    CMSIS\src\system_stm32f10x.c             0x00000000   Number         0  system_stm32f10x.o ABSOLUTE
    Code\src\libADC.c                        0x00000000   Number         0  libadc.o ABSOLUTE
    Code\src\libDAC.c                        0x00000000   Number         0  libdac.o ABSOLUTE
    Code\src\libPWM.c                        0x00000000   Number         0  libpwm.o ABSOLUTE
    Code\src\libUART.c                       0x00000000   Number         0  libuart.o ABSOLUTE
    Code\src\main.c                          0x00000000   Number         0  main.o ABSOLUTE
    Code\src\sysInit.c                       0x00000000   Number         0  sysinit.o ABSOLUTE
    FreeRTOS\\src\\port.c                    0x00000000   Number         0  port.o ABSOLUTE
    FreeRTOS\src\croutine.c                  0x00000000   Number         0  croutine.o ABSOLUTE
    FreeRTOS\src\event_groups.c              0x00000000   Number         0  event_groups.o ABSOLUTE
    FreeRTOS\src\heap_1.c                    0x00000000   Number         0  heap_1.o ABSOLUTE
    FreeRTOS\src\list.c                      0x00000000   Number         0  list.o ABSOLUTE
    FreeRTOS\src\port.c                      0x00000000   Number         0  port.o ABSOLUTE
    FreeRTOS\src\queue.c                     0x00000000   Number         0  queue.o ABSOLUTE
    FreeRTOS\src\tasks.c                     0x00000000   Number         0  tasks.o ABSOLUTE
    FreeRTOS\src\timers.c                    0x00000000   Number         0  timers.o ABSOLUTE
    Startup\startup_stm32f10x_md_vl.s        0x00000000   Number         0  startup_stm32f10x_md_vl.o ABSOLUTE
    dc.s                                     0x00000000   Number         0  dc.o ABSOLUTE
    RESET                                    0x08000000   Section      288  startup_stm32f10x_md_vl.o(RESET)
    !!!main                                  0x08000120   Section        8  __main.o(!!!main)
    !!!scatter                               0x08000128   Section       52  __scatter.o(!!!scatter)
    !!handler_copy                           0x0800015c   Section       26  __scatter_copy.o(!!handler_copy)
    !!handler_zi                             0x08000178   Section       28  __scatter_zi.o(!!handler_zi)
    .ARM.Collect$$_printf_percent$$00000000  0x08000194   Section        0  _printf_percent.o(.ARM.Collect$$_printf_percent$$00000000)
    .ARM.Collect$$_printf_percent$$00000003  0x08000194   Section        6  _printf_f.o(.ARM.Collect$$_printf_percent$$00000003)
    .ARM.Collect$$_printf_percent$$0000000A  0x0800019a   Section        6  _printf_u.o(.ARM.Collect$$_printf_percent$$0000000A)
    .ARM.Collect$$_printf_percent$$00000017  0x080001a0   Section        4  _printf_percent_end.o(.ARM.Collect$$_printf_percent$$00000017)
    .ARM.Collect$$libinit$$00000000          0x080001a4   Section        2  libinit.o(.ARM.Collect$$libinit$$00000000)
    .ARM.Collect$$libinit$$00000002          0x080001a6   Section        0  libinit2.o(.ARM.Collect$$libinit$$00000002)
    .ARM.Collect$$libinit$$00000004          0x080001a6   Section        0  libinit2.o(.ARM.Collect$$libinit$$00000004)
    .ARM.Collect$$libinit$$0000000A          0x080001a6   Section        0  libinit2.o(.ARM.Collect$$libinit$$0000000A)
    .ARM.Collect$$libinit$$0000000C          0x080001a6   Section        0  libinit2.o(.ARM.Collect$$libinit$$0000000C)
    .ARM.Collect$$libinit$$0000000E          0x080001a6   Section        0  libinit2.o(.ARM.Collect$$libinit$$0000000E)
    .ARM.Collect$$libinit$$0000000F          0x080001a6   Section        6  libinit2.o(.ARM.Collect$$libinit$$0000000F)
    .ARM.Collect$$libinit$$00000011          0x080001ac   Section        0  libinit2.o(.ARM.Collect$$libinit$$00000011)
    .ARM.Collect$$libinit$$00000013          0x080001ac   Section        0  libinit2.o(.ARM.Collect$$libinit$$00000013)
    .ARM.Collect$$libinit$$00000015          0x080001ac   Section        0  libinit2.o(.ARM.Collect$$libinit$$00000015)
    .ARM.Collect$$libinit$$00000016          0x080001ac   Section       10  libinit2.o(.ARM.Collect$$libinit$$00000016)
    .ARM.Collect$$libinit$$00000017          0x080001b6   Section        0  libinit2.o(.ARM.Collect$$libinit$$00000017)
    .ARM.Collect$$libinit$$00000019          0x080001b6   Section        0  libinit2.o(.ARM.Collect$$libinit$$00000019)
    .ARM.Collect$$libinit$$0000001B          0x080001b6   Section        0  libinit2.o(.ARM.Collect$$libinit$$0000001B)
    .ARM.Collect$$libinit$$0000001D          0x080001b6   Section        0  libinit2.o(.ARM.Collect$$libinit$$0000001D)
    .ARM.Collect$$libinit$$0000001F          0x080001b6   Section        0  libinit2.o(.ARM.Collect$$libinit$$0000001F)
    .ARM.Collect$$libinit$$00000021          0x080001b6   Section        0  libinit2.o(.ARM.Collect$$libinit$$00000021)
    .ARM.Collect$$libinit$$00000023          0x080001b6   Section        0  libinit2.o(.ARM.Collect$$libinit$$00000023)
    .ARM.Collect$$libinit$$00000025          0x080001b6   Section        0  libinit2.o(.ARM.Collect$$libinit$$00000025)
    .ARM.Collect$$libinit$$0000002C          0x080001b6   Section        0  libinit2.o(.ARM.Collect$$libinit$$0000002C)
    .ARM.Collect$$libinit$$0000002E          0x080001b6   Section        0  libinit2.o(.ARM.Collect$$libinit$$0000002E)
    .ARM.Collect$$libinit$$00000030          0x080001b6   Section        0  libinit2.o(.ARM.Collect$$libinit$$00000030)
    .ARM.Collect$$libinit$$00000032          0x080001b6   Section        0  libinit2.o(.ARM.Collect$$libinit$$00000032)
    .ARM.Collect$$libinit$$00000033          0x080001b6   Section        2  libinit2.o(.ARM.Collect$$libinit$$00000033)
    .ARM.Collect$$libshutdown$$00000000      0x080001b8   Section        2  libshutdown.o(.ARM.Collect$$libshutdown$$00000000)
    .ARM.Collect$$libshutdown$$00000002      0x080001ba   Section        0  libshutdown2.o(.ARM.Collect$$libshutdown$$00000002)
    .ARM.Collect$$libshutdown$$00000004      0x080001ba   Section        0  libshutdown2.o(.ARM.Collect$$libshutdown$$00000004)
    .ARM.Collect$$libshutdown$$00000007      0x080001ba   Section        0  libshutdown2.o(.ARM.Collect$$libshutdown$$00000007)
    .ARM.Collect$$libshutdown$$0000000A      0x080001ba   Section        0  libshutdown2.o(.ARM.Collect$$libshutdown$$0000000A)
    .ARM.Collect$$libshutdown$$0000000C      0x080001ba   Section        0  libshutdown2.o(.ARM.Collect$$libshutdown$$0000000C)
    .ARM.Collect$$libshutdown$$0000000F      0x080001ba   Section        0  libshutdown2.o(.ARM.Collect$$libshutdown$$0000000F)
    .ARM.Collect$$libshutdown$$00000010      0x080001ba   Section        2  libshutdown2.o(.ARM.Collect$$libshutdown$$00000010)
    .ARM.Collect$$rtentry$$00000000          0x080001bc   Section        0  __rtentry.o(.ARM.Collect$$rtentry$$00000000)
    .ARM.Collect$$rtentry$$00000002          0x080001bc   Section        0  __rtentry2.o(.ARM.Collect$$rtentry$$00000002)
    .ARM.Collect$$rtentry$$00000004          0x080001bc   Section        6  __rtentry4.o(.ARM.Collect$$rtentry$$00000004)
    .ARM.Collect$$rtentry$$00000009          0x080001c2   Section        0  __rtentry2.o(.ARM.Collect$$rtentry$$00000009)
    .ARM.Collect$$rtentry$$0000000A          0x080001c2   Section        4  __rtentry2.o(.ARM.Collect$$rtentry$$0000000A)
    .ARM.Collect$$rtentry$$0000000C          0x080001c6   Section        0  __rtentry2.o(.ARM.Collect$$rtentry$$0000000C)
    .ARM.Collect$$rtentry$$0000000D          0x080001c6   Section        8  __rtentry2.o(.ARM.Collect$$rtentry$$0000000D)
    .ARM.Collect$$rtexit$$00000000           0x080001ce   Section        2  rtexit.o(.ARM.Collect$$rtexit$$00000000)
    .ARM.Collect$$rtexit$$00000002           0x080001d0   Section        0  rtexit2.o(.ARM.Collect$$rtexit$$00000002)
    .ARM.Collect$$rtexit$$00000003           0x080001d0   Section        4  rtexit2.o(.ARM.Collect$$rtexit$$00000003)
    .ARM.Collect$$rtexit$$00000004           0x080001d4   Section        6  rtexit2.o(.ARM.Collect$$rtexit$$00000004)
    .emb_text                                0x080001dc   Section      150  port.o(.emb_text)
    .text                                    0x08000274   Section       64  startup_stm32f10x_md_vl.o(.text)
    .text                                    0x080002b4   Section        0  noretval__2sprintf.o(.text)
    .text                                    0x080002dc   Section        0  _printf_dec.o(.text)
    .text                                    0x08000354   Section        0  __printf_wp.o(.text)
    .text                                    0x08000462   Section      138  rt_memcpy_v6.o(.text)
    .text                                    0x080004ec   Section      100  rt_memcpy_w.o(.text)
    .text                                    0x08000550   Section        0  heapauxi.o(.text)
    .text                                    0x08000556   Section        0  _printf_intcommon.o(.text)
    .text                                    0x08000608   Section        0  _printf_fp_dec.o(.text)
    _fp_digits                               0x0800060b   Thumb Code   432  _printf_fp_dec.o(.text)
    .text                                    0x08000a28   Section        0  _printf_char_common.o(.text)
    _printf_input_char                       0x08000a29   Thumb Code    10  _printf_char_common.o(.text)
    .text                                    0x08000a58   Section        0  _sputc.o(.text)
    .text                                    0x08000a64   Section        8  rt_locale_intlibspace.o(.text)
    .text                                    0x08000a6c   Section      138  lludiv10.o(.text)
    .text                                    0x08000af8   Section        0  _printf_fp_infnan.o(.text)
    .text                                    0x08000b78   Section        0  bigflt0.o(.text)
    .text                                    0x08000c5c   Section        8  libspace.o(.text)
    .text                                    0x08000c64   Section       74  sys_stackheap_outer.o(.text)
    .text                                    0x08000cae   Section        0  exit.o(.text)
    .text                                    0x08000cc0   Section      128  strcmpv7m.o(.text)
    .text                                    0x08000d40   Section        0  sys_exit.o(.text)
    .text                                    0x08000d4c   Section        2  use_no_semi.o(.text)
    .text                                    0x08000d4e   Section        0  indicate_semi.o(.text)
    CL$$btod_d2e                             0x08000d4e   Section       62  btod.o(CL$$btod_d2e)
    CL$$btod_d2e_denorm_low                  0x08000d8c   Section       70  btod.o(CL$$btod_d2e_denorm_low)
    CL$$btod_d2e_norm_op1                    0x08000dd2   Section       96  btod.o(CL$$btod_d2e_norm_op1)
    CL$$btod_div_common                      0x08000e32   Section      824  btod.o(CL$$btod_div_common)
    CL$$btod_e2e                             0x0800116a   Section      220  btod.o(CL$$btod_e2e)
    CL$$btod_ediv                            0x08001246   Section       42  btod.o(CL$$btod_ediv)
    CL$$btod_emul                            0x08001270   Section       42  btod.o(CL$$btod_emul)
    CL$$btod_mult_common                     0x0800129a   Section      580  btod.o(CL$$btod_mult_common)
    i.GenMCO                                 0x080014e0   Section        0  sysinit.o(i.GenMCO)
    i.InitADC                                0x08001524   Section        0  libadc.o(i.InitADC)
    i.InitDAC                                0x080015d0   Section        0  libdac.o(i.InitDAC)
    i.InitGPIO                               0x08001618   Section        0  sysinit.o(i.InitGPIO)
    i.InitPWM                                0x08001678   Section        0  libpwm.o(i.InitPWM)
    i.InitRCC                                0x08001710   Section        0  sysinit.o(i.InitRCC)
    i.InitUART                               0x080017c8   Section        0  libuart.o(i.InitUART)
    i.InitUSART1                             0x080017d4   Section        0  libuart.o(i.InitUSART1)
    i.InitUSART2                             0x08001868   Section        0  libuart.o(i.InitUSART2)
    i.NVIC_EnableIRQ                         0x080018fc   Section        0  libuart.o(i.NVIC_EnableIRQ)
    NVIC_EnableIRQ                           0x080018fd   Thumb Code    22  libuart.o(i.NVIC_EnableIRQ)
    i.SendDataUSART1                         0x08001914   Section        0  libuart.o(i.SendDataUSART1)
    i.SendStringUSART1                       0x08001930   Section        0  libuart.o(i.SendStringUSART1)
    i.SendUSART1                             0x0800194c   Section        0  libuart.o(i.SendUSART1)
    i.SetSysClock                            0x08001968   Section        0  system_stm32f10x.o(i.SetSysClock)
    SetSysClock                              0x08001969   Thumb Code     8  system_stm32f10x.o(i.SetSysClock)
    i.SetSysClockTo24                        0x08001970   Section        0  system_stm32f10x.o(i.SetSysClockTo24)
    SetSysClockTo24                          0x08001971   Thumb Code   178  system_stm32f10x.o(i.SetSysClockTo24)
    i.StartConvADC                           0x08001a28   Section        0  libadc.o(i.StartConvADC)
    i.SysTick_Handler                        0x08001a54   Section        0  port.o(i.SysTick_Handler)
    i.SystemInit                             0x08001a88   Section        0  system_stm32f10x.o(i.SystemInit)
    i.USART1_IRQHandler                      0x08001aec   Section        0  main.o(i.USART1_IRQHandler)
    i.USART2_IRQHandler                      0x08001b08   Section        0  main.o(i.USART2_IRQHandler)
    i.__ARM_fpclassify                       0x08001b24   Section        0  fpclassify.o(i.__ARM_fpclassify)
    i._is_digit                              0x08001b4c   Section        0  __printf_wp.o(i._is_digit)
    i.flashLock                              0x08001b5c   Section        0  sysinit.o(i.flashLock)
    i.flashUnlock                            0x08001b70   Section        0  sysinit.o(i.flashUnlock)
    i.flashWriteData                         0x08001b88   Section        0  sysinit.o(i.flashWriteData)
    i.main                                   0x08001bd8   Section        0  main.o(i.main)
    i.prvAddCurrentTaskToDelayedList         0x08001c7c   Section        0  tasks.o(i.prvAddCurrentTaskToDelayedList)
    prvAddCurrentTaskToDelayedList           0x08001c7d   Thumb Code   100  tasks.o(i.prvAddCurrentTaskToDelayedList)
    i.prvAddNewTaskToReadyList               0x08001cf8   Section        0  tasks.o(i.prvAddNewTaskToReadyList)
    prvAddNewTaskToReadyList                 0x08001cf9   Thumb Code   148  tasks.o(i.prvAddNewTaskToReadyList)
    i.prvCheckTasksWaitingTermination        0x08001da8   Section        0  tasks.o(i.prvCheckTasksWaitingTermination)
    prvCheckTasksWaitingTermination          0x08001da9   Thumb Code    86  tasks.o(i.prvCheckTasksWaitingTermination)
    i.prvCopyDataFromQueue                   0x08001e0c   Section        0  queue.o(i.prvCopyDataFromQueue)
    prvCopyDataFromQueue                     0x08001e0d   Thumb Code    42  queue.o(i.prvCopyDataFromQueue)
    i.prvCopyDataToQueue                     0x08001e36   Section        0  queue.o(i.prvCopyDataToQueue)
    prvCopyDataToQueue                       0x08001e37   Thumb Code   106  queue.o(i.prvCopyDataToQueue)
    i.prvDeleteTCB                           0x08001ea0   Section        0  tasks.o(i.prvDeleteTCB)
    prvDeleteTCB                             0x08001ea1   Thumb Code    18  tasks.o(i.prvDeleteTCB)
    i.prvIdleTask                            0x08001eb4   Section        0  tasks.o(i.prvIdleTask)
    prvIdleTask                              0x08001eb5   Thumb Code    32  tasks.o(i.prvIdleTask)
    i.prvInitialiseNewQueue                  0x08001edc   Section        0  queue.o(i.prvInitialiseNewQueue)
    prvInitialiseNewQueue                    0x08001edd   Thumb Code    38  queue.o(i.prvInitialiseNewQueue)
    i.prvInitialiseNewTask                   0x08001f02   Section        0  tasks.o(i.prvInitialiseNewTask)
    prvInitialiseNewTask                     0x08001f03   Thumb Code   128  tasks.o(i.prvInitialiseNewTask)
    i.prvInitialiseTaskLists                 0x08001f84   Section        0  tasks.o(i.prvInitialiseTaskLists)
    prvInitialiseTaskLists                   0x08001f85   Thumb Code    70  tasks.o(i.prvInitialiseTaskLists)
    i.prvIsQueueEmpty                        0x08001fec   Section        0  queue.o(i.prvIsQueueEmpty)
    prvIsQueueEmpty                          0x08001fed   Thumb Code    26  queue.o(i.prvIsQueueEmpty)
    i.prvIsQueueFull                         0x08002006   Section        0  queue.o(i.prvIsQueueFull)
    prvIsQueueFull                           0x08002007   Thumb Code    30  queue.o(i.prvIsQueueFull)
    i.prvResetNextTaskUnblockTime            0x08002024   Section        0  tasks.o(i.prvResetNextTaskUnblockTime)
    prvResetNextTaskUnblockTime              0x08002025   Thumb Code    42  tasks.o(i.prvResetNextTaskUnblockTime)
    i.prvTaskExitError                       0x08002058   Section        0  port.o(i.prvTaskExitError)
    prvTaskExitError                         0x08002059   Thumb Code    22  port.o(i.prvTaskExitError)
    i.prvUnlockQueue                         0x0800206e   Section        0  queue.o(i.prvUnlockQueue)
    prvUnlockQueue                           0x0800206f   Thumb Code   126  queue.o(i.prvUnlockQueue)
    i.pvPortMalloc                           0x080020ec   Section        0  heap_1.o(i.pvPortMalloc)
    i.pxPortInitialiseStack                  0x0800215c   Section        0  port.o(i.pxPortInitialiseStack)
    i.uxListRemove                           0x08002180   Section        0  list.o(i.uxListRemove)
    i.uxQueueMessagesWaiting                 0x080021a8   Section        0  queue.o(i.uxQueueMessagesWaiting)
    i.vListInitialise                        0x080021ba   Section        0  list.o(i.vListInitialise)
    i.vListInitialiseItem                    0x080021d4   Section        0  list.o(i.vListInitialiseItem)
    i.vListInsert                            0x080021da   Section        0  list.o(i.vListInsert)
    i.vListInsertEnd                         0x0800220e   Section        0  list.o(i.vListInsertEnd)
    i.vPortEnterCritical                     0x08002228   Section        0  port.o(i.vPortEnterCritical)
    i.vPortExitCritical                      0x0800224c   Section        0  port.o(i.vPortExitCritical)
    i.vPortFree                              0x0800226c   Section        0  heap_1.o(i.vPortFree)
    i.vPortSetupTimerInterrupt               0x0800226e   Section        0  port.o(i.vPortSetupTimerInterrupt)
    i.vTaskConvADC                           0x08002280   Section        0  main.o(i.vTaskConvADC)
    i.vTaskDACout                            0x080022b4   Section        0  main.o(i.vTaskDACout)
    i.vTaskDelay                             0x080022e4   Section        0  tasks.o(i.vTaskDelay)
    i.vTaskMissedYield                       0x08002318   Section        0  tasks.o(i.vTaskMissedYield)
    i.vTaskNextionHMI                        0x08002324   Section        0  main.o(i.vTaskNextionHMI)
    i.vTaskPlaceOnEventList                  0x08002434   Section        0  tasks.o(i.vTaskPlaceOnEventList)
    i.vTaskSetTimeOutState                   0x08002454   Section        0  tasks.o(i.vTaskSetTimeOutState)
    i.vTaskStartScheduler                    0x0800246c   Section        0  tasks.o(i.vTaskStartScheduler)
    i.vTaskSuspendAll                        0x080024d0   Section        0  tasks.o(i.vTaskSuspendAll)
    i.vTaskSwitchContext                     0x080024e0   Section        0  tasks.o(i.vTaskSwitchContext)
    i.writeDAC                               0x08002558   Section        0  libdac.o(i.writeDAC)
    i.xPortStartScheduler                    0x08002568   Section        0  port.o(i.xPortStartScheduler)
    i.xQueueGenericCreate                    0x0800259c   Section        0  queue.o(i.xQueueGenericCreate)
    i.xQueueGenericReceive                   0x080025d4   Section        0  queue.o(i.xQueueGenericReceive)
    i.xQueueGenericReset                     0x08002710   Section        0  queue.o(i.xQueueGenericReset)
    i.xQueueGenericSend                      0x08002790   Section        0  queue.o(i.xQueueGenericSend)
    i.xTaskCheckForTimeOut                   0x080028a8   Section        0  tasks.o(i.xTaskCheckForTimeOut)
    i.xTaskCreate                            0x08002904   Section        0  tasks.o(i.xTaskCreate)
    i.xTaskIncrementTick                     0x08002964   Section        0  tasks.o(i.xTaskIncrementTick)
    i.xTaskRemoveFromEventList               0x08002a7c   Section        0  tasks.o(i.xTaskRemoveFromEventList)
    i.xTaskResumeAll                         0x08002afc   Section        0  tasks.o(i.xTaskResumeAll)
    locale$$code                             0x08002be4   Section       44  lc_numeric_c.o(locale$$code)
    x$fpl$dretinf                            0x08002c10   Section       12  dretinf.o(x$fpl$dretinf)
    x$fpl$f2d                                0x08002c1c   Section       86  f2d.o(x$fpl$f2d)
    x$fpl$ffltu                              0x08002c74   Section       38  fflt_clz.o(x$fpl$ffltu)
    x$fpl$fmul                               0x08002c9c   Section      258  fmul.o(x$fpl$fmul)
    x$fpl$fnaninf                            0x08002d9e   Section      140  fnaninf.o(x$fpl$fnaninf)
    x$fpl$fretinf                            0x08002e2a   Section       10  fretinf.o(x$fpl$fretinf)
    x$fpl$printf1                            0x08002e34   Section        4  printf1.o(x$fpl$printf1)
    .constdata                               0x08002e38   Section       64  main.o(.constdata)
    x$fpl$usenofp                            0x08002e38   Section        0  usenofp.o(x$fpl$usenofp)
    .constdata                               0x08002e78   Section      148  bigflt0.o(.constdata)
    tenpwrs_x                                0x08002e78   Data          60  bigflt0.o(.constdata)
    tenpwrs_i                                0x08002eb4   Data          64  bigflt0.o(.constdata)
    locale$$data                             0x08002f2c   Section       28  lc_numeric_c.o(locale$$data)
    __lcnum_c_name                           0x08002f30   Data           2  lc_numeric_c.o(locale$$data)
    __lcnum_c_start                          0x08002f38   Data           0  lc_numeric_c.o(locale$$data)
    __lcnum_c_point                          0x08002f44   Data           0  lc_numeric_c.o(locale$$data)
    __lcnum_c_thousands                      0x08002f46   Data           0  lc_numeric_c.o(locale$$data)
    __lcnum_c_grouping                       0x08002f47   Data           0  lc_numeric_c.o(locale$$data)
    __lcnum_c_end                            0x08002f48   Data           0  lc_numeric_c.o(locale$$data)
    .data                                    0x20000000   Section        4  main.o(.data)
    .data                                    0x20000004   Section        8  heap_1.o(.data)
    xNextFreeByte                            0x20000004   Data           4  heap_1.o(.data)
    pucAlignedHeap                           0x20000008   Data           4  heap_1.o(.data)
    .data                                    0x2000000c   Section        4  port.o(.data)
    uxCriticalNesting                        0x2000000c   Data           4  port.o(.data)
    .data                                    0x20000010   Section       60  tasks.o(.data)
    pxDelayedTaskList                        0x20000014   Data           4  tasks.o(.data)
    pxOverflowDelayedTaskList                0x20000018   Data           4  tasks.o(.data)
    uxDeletedTasksWaitingCleanUp             0x2000001c   Data           4  tasks.o(.data)
    uxCurrentNumberOfTasks                   0x20000020   Data           4  tasks.o(.data)
    xTickCount                               0x20000024   Data           4  tasks.o(.data)
    uxTopReadyPriority                       0x20000028   Data           4  tasks.o(.data)
    xSchedulerRunning                        0x2000002c   Data           4  tasks.o(.data)
    uxPendedTicks                            0x20000030   Data           4  tasks.o(.data)
    xYieldPending                            0x20000034   Data           4  tasks.o(.data)
    xNumOfOverflows                          0x20000038   Data           4  tasks.o(.data)
    uxTaskNumber                             0x2000003c   Data           4  tasks.o(.data)
    xNextTaskUnblockTime                     0x20000040   Data           4  tasks.o(.data)
    xIdleTaskHandle                          0x20000044   Data           4  tasks.o(.data)
    uxSchedulerSuspended                     0x20000048   Data           4  tasks.o(.data)
    .bss                                     0x2000004c   Section     6144  heap_1.o(.bss)
    ucHeap                                   0x2000004c   Data        6144  heap_1.o(.bss)
    .bss                                     0x2000184c   Section      200  tasks.o(.bss)
    pxReadyTasksLists                        0x2000184c   Data         100  tasks.o(.bss)
    xDelayedTaskList1                        0x200018b0   Data          20  tasks.o(.bss)
    xDelayedTaskList2                        0x200018c4   Data          20  tasks.o(.bss)
    xPendingReadyList                        0x200018d8   Data          20  tasks.o(.bss)
    xTasksWaitingTermination                 0x200018ec   Data          20  tasks.o(.bss)
    xSuspendedTaskList                       0x20001900   Data          20  tasks.o(.bss)
    .bss                                     0x20001914   Section       96  libspace.o(.bss)
    HEAP                                     0x20001978   Section      512  startup_stm32f10x_md_vl.o(HEAP)
    Heap_Mem                                 0x20001978   Data         512  startup_stm32f10x_md_vl.o(HEAP)
    STACK                                    0x20001b78   Section     1024  startup_stm32f10x_md_vl.o(STACK)
    Stack_Mem                                0x20001b78   Data        1024  startup_stm32f10x_md_vl.o(STACK)
    __initial_sp                             0x20001f78   Data           0  startup_stm32f10x_md_vl.o(STACK)

    Global Symbols

    Symbol Name                              Value     Ov Type        Size  Object(Section)

    BuildAttributes$$THM_ISAv4$P$D$K$B$S$PE$A:L22UL41UL21$X:L11$S22US41US21$IEEE1$IW$USESV6$~STKCKD$USESV7$~SHL$OTIME$ROPI$IEEEJ$EBA8$UX$STANDARDLIB$REQ8$PRES8$EABIv2 0x00000000   Number         0  anon$$obj.o ABSOLUTE
    __ARM_use_no_argv                        0x00000000   Number         0  main.o ABSOLUTE
    _printf_flags                            0x00000000   Number         0  printf_stubs.o ABSOLUTE
    _printf_return_value                     0x00000000   Number         0  printf_stubs.o ABSOLUTE
    _printf_sizespec                         0x00000000   Number         0  printf_stubs.o ABSOLUTE
    _printf_widthprec                        0x00000000   Number         0  printf_stubs.o ABSOLUTE
    __ARM_exceptions_init                     - Undefined Weak Reference
    __alloca_initialize                       - Undefined Weak Reference
    __arm_preinit_                            - Undefined Weak Reference
    __cpp_initialize__aeabi_                  - Undefined Weak Reference
    __cxa_finalize                            - Undefined Weak Reference
    __sigvec_lookup                           - Undefined Weak Reference
    _atexit_init                              - Undefined Weak Reference
    _call_atexit_fns                          - Undefined Weak Reference
    _clock_init                               - Undefined Weak Reference
    _fp_trap_init                             - Undefined Weak Reference
    _fp_trap_shutdown                         - Undefined Weak Reference
    _get_lc_collate                           - Undefined Weak Reference
    _get_lc_ctype                             - Undefined Weak Reference
    _get_lc_monetary                          - Undefined Weak Reference
    _get_lc_time                              - Undefined Weak Reference
    _getenv_init                              - Undefined Weak Reference
    _handle_redirection                       - Undefined Weak Reference
    _init_alloc                               - Undefined Weak Reference
    _init_user_alloc                          - Undefined Weak Reference
    _initio                                   - Undefined Weak Reference
    _printf_post_padding                      - Undefined Weak Reference
    _printf_pre_padding                       - Undefined Weak Reference
    _printf_truncate_signed                   - Undefined Weak Reference
    _printf_truncate_unsigned                 - Undefined Weak Reference
    _rand_init                                - Undefined Weak Reference
    _signal_finish                            - Undefined Weak Reference
    _signal_init                              - Undefined Weak Reference
    _terminate_alloc                          - Undefined Weak Reference
    _terminate_user_alloc                     - Undefined Weak Reference
    _terminateio                              - Undefined Weak Reference
    __Vectors_Size                           0x00000120   Number         0  startup_stm32f10x_md_vl.o ABSOLUTE
    __Vectors                                0x08000000   Data           4  startup_stm32f10x_md_vl.o(RESET)
    __Vectors_End                            0x08000120   Data           0  startup_stm32f10x_md_vl.o(RESET)
    __main                                   0x08000121   Thumb Code     8  __main.o(!!!main)
    __scatterload                            0x08000129   Thumb Code     0  __scatter.o(!!!scatter)
    __scatterload_rt2                        0x08000129   Thumb Code    44  __scatter.o(!!!scatter)
    __scatterload_rt2_thumb_only             0x08000129   Thumb Code     0  __scatter.o(!!!scatter)
    __scatterload_null                       0x08000137   Thumb Code     0  __scatter.o(!!!scatter)
    __scatterload_copy                       0x0800015d   Thumb Code    26  __scatter_copy.o(!!handler_copy)
    __scatterload_zeroinit                   0x08000179   Thumb Code    28  __scatter_zi.o(!!handler_zi)
    _printf_f                                0x08000195   Thumb Code     0  _printf_f.o(.ARM.Collect$$_printf_percent$$00000003)
    _printf_percent                          0x08000195   Thumb Code     0  _printf_percent.o(.ARM.Collect$$_printf_percent$$00000000)
    _printf_u                                0x0800019b   Thumb Code     0  _printf_u.o(.ARM.Collect$$_printf_percent$$0000000A)
    _printf_percent_end                      0x080001a1   Thumb Code     0  _printf_percent_end.o(.ARM.Collect$$_printf_percent$$00000017)
    __rt_lib_init                            0x080001a5   Thumb Code     0  libinit.o(.ARM.Collect$$libinit$$00000000)
    __rt_lib_init_fp_1                       0x080001a7   Thumb Code     0  libinit2.o(.ARM.Collect$$libinit$$00000002)
    __rt_lib_init_heap_1                     0x080001a7   Thumb Code     0  libinit2.o(.ARM.Collect$$libinit$$0000000A)
    __rt_lib_init_lc_common                  0x080001a7   Thumb Code     0  libinit2.o(.ARM.Collect$$libinit$$0000000F)
    __rt_lib_init_preinit_1                  0x080001a7   Thumb Code     0  libinit2.o(.ARM.Collect$$libinit$$00000004)
    __rt_lib_init_rand_1                     0x080001a7   Thumb Code     0  libinit2.o(.ARM.Collect$$libinit$$0000000E)
    __rt_lib_init_user_alloc_1               0x080001a7   Thumb Code     0  libinit2.o(.ARM.Collect$$libinit$$0000000C)
    __rt_lib_init_lc_collate_1               0x080001ad   Thumb Code     0  libinit2.o(.ARM.Collect$$libinit$$00000011)
    __rt_lib_init_lc_ctype_1                 0x080001ad   Thumb Code     0  libinit2.o(.ARM.Collect$$libinit$$00000013)
    __rt_lib_init_lc_monetary_1              0x080001ad   Thumb Code     0  libinit2.o(.ARM.Collect$$libinit$$00000015)
    __rt_lib_init_lc_numeric_2               0x080001ad   Thumb Code     0  libinit2.o(.ARM.Collect$$libinit$$00000016)
    __rt_lib_init_alloca_1                   0x080001b7   Thumb Code     0  libinit2.o(.ARM.Collect$$libinit$$0000002E)
    __rt_lib_init_argv_1                     0x080001b7   Thumb Code     0  libinit2.o(.ARM.Collect$$libinit$$0000002C)
    __rt_lib_init_atexit_1                   0x080001b7   Thumb Code     0  libinit2.o(.ARM.Collect$$libinit$$0000001B)
    __rt_lib_init_clock_1                    0x080001b7   Thumb Code     0  libinit2.o(.ARM.Collect$$libinit$$00000021)
    __rt_lib_init_cpp_1                      0x080001b7   Thumb Code     0  libinit2.o(.ARM.Collect$$libinit$$00000032)
    __rt_lib_init_exceptions_1               0x080001b7   Thumb Code     0  libinit2.o(.ARM.Collect$$libinit$$00000030)
    __rt_lib_init_fp_trap_1                  0x080001b7   Thumb Code     0  libinit2.o(.ARM.Collect$$libinit$$0000001F)
    __rt_lib_init_getenv_1                   0x080001b7   Thumb Code     0  libinit2.o(.ARM.Collect$$libinit$$00000023)
    __rt_lib_init_lc_numeric_1               0x080001b7   Thumb Code     0  libinit2.o(.ARM.Collect$$libinit$$00000017)
    __rt_lib_init_lc_time_1                  0x080001b7   Thumb Code     0  libinit2.o(.ARM.Collect$$libinit$$00000019)
    __rt_lib_init_return                     0x080001b7   Thumb Code     0  libinit2.o(.ARM.Collect$$libinit$$00000033)
    __rt_lib_init_signal_1                   0x080001b7   Thumb Code     0  libinit2.o(.ARM.Collect$$libinit$$0000001D)
    __rt_lib_init_stdio_1                    0x080001b7   Thumb Code     0  libinit2.o(.ARM.Collect$$libinit$$00000025)
    __rt_lib_shutdown                        0x080001b9   Thumb Code     0  libshutdown.o(.ARM.Collect$$libshutdown$$00000000)
    __rt_lib_shutdown_cpp_1                  0x080001bb   Thumb Code     0  libshutdown2.o(.ARM.Collect$$libshutdown$$00000002)
    __rt_lib_shutdown_fp_trap_1              0x080001bb   Thumb Code     0  libshutdown2.o(.ARM.Collect$$libshutdown$$00000007)
    __rt_lib_shutdown_heap_1                 0x080001bb   Thumb Code     0  libshutdown2.o(.ARM.Collect$$libshutdown$$0000000F)
    __rt_lib_shutdown_return                 0x080001bb   Thumb Code     0  libshutdown2.o(.ARM.Collect$$libshutdown$$00000010)
    __rt_lib_shutdown_signal_1               0x080001bb   Thumb Code     0  libshutdown2.o(.ARM.Collect$$libshutdown$$0000000A)
    __rt_lib_shutdown_stdio_1                0x080001bb   Thumb Code     0  libshutdown2.o(.ARM.Collect$$libshutdown$$00000004)
    __rt_lib_shutdown_user_alloc_1           0x080001bb   Thumb Code     0  libshutdown2.o(.ARM.Collect$$libshutdown$$0000000C)
    __rt_entry                               0x080001bd   Thumb Code     0  __rtentry.o(.ARM.Collect$$rtentry$$00000000)
    __rt_entry_presh_1                       0x080001bd   Thumb Code     0  __rtentry2.o(.ARM.Collect$$rtentry$$00000002)
    __rt_entry_sh                            0x080001bd   Thumb Code     0  __rtentry4.o(.ARM.Collect$$rtentry$$00000004)
    __rt_entry_li                            0x080001c3   Thumb Code     0  __rtentry2.o(.ARM.Collect$$rtentry$$0000000A)
    __rt_entry_postsh_1                      0x080001c3   Thumb Code     0  __rtentry2.o(.ARM.Collect$$rtentry$$00000009)
    __rt_entry_main                          0x080001c7   Thumb Code     0  __rtentry2.o(.ARM.Collect$$rtentry$$0000000D)
    __rt_entry_postli_1                      0x080001c7   Thumb Code     0  __rtentry2.o(.ARM.Collect$$rtentry$$0000000C)
    __rt_exit                                0x080001cf   Thumb Code     0  rtexit.o(.ARM.Collect$$rtexit$$00000000)
    __rt_exit_ls                             0x080001d1   Thumb Code     0  rtexit2.o(.ARM.Collect$$rtexit$$00000003)
    __rt_exit_prels_1                        0x080001d1   Thumb Code     0  rtexit2.o(.ARM.Collect$$rtexit$$00000002)
    __rt_exit_exit                           0x080001d5   Thumb Code     0  rtexit2.o(.ARM.Collect$$rtexit$$00000004)
    SVC_Handler                              0x080001dd   Thumb Code    32  port.o(.emb_text)
    __asm___6_port_c_39a90d8d__prvStartFirstTask 0x08000201   Thumb Code    28  port.o(.emb_text)
    PendSV_Handler                           0x08000221   Thumb Code    72  port.o(.emb_text)
    vPortGetIPSR                             0x0800026d   Thumb Code     6  port.o(.emb_text)
    Reset_Handler                            0x08000275   Thumb Code     8  startup_stm32f10x_md_vl.o(.text)
    NMI_Handler                              0x0800027d   Thumb Code     2  startup_stm32f10x_md_vl.o(.text)
    HardFault_Handler                        0x0800027f   Thumb Code     2  startup_stm32f10x_md_vl.o(.text)
    MemManage_Handler                        0x08000281   Thumb Code     2  startup_stm32f10x_md_vl.o(.text)
    BusFault_Handler                         0x08000283   Thumb Code     2  startup_stm32f10x_md_vl.o(.text)
    UsageFault_Handler                       0x08000285   Thumb Code     2  startup_stm32f10x_md_vl.o(.text)
    DebugMon_Handler                         0x08000289   Thumb Code     2  startup_stm32f10x_md_vl.o(.text)
    ADC1_IRQHandler                          0x0800028f   Thumb Code     0  startup_stm32f10x_md_vl.o(.text)
    CEC_IRQHandler                           0x0800028f   Thumb Code     0  startup_stm32f10x_md_vl.o(.text)
    DMA1_Channel1_IRQHandler                 0x0800028f   Thumb Code     0  startup_stm32f10x_md_vl.o(.text)
    DMA1_Channel2_IRQHandler                 0x0800028f   Thumb Code     0  startup_stm32f10x_md_vl.o(.text)
    DMA1_Channel3_IRQHandler                 0x0800028f   Thumb Code     0  startup_stm32f10x_md_vl.o(.text)
    DMA1_Channel4_IRQHandler                 0x0800028f   Thumb Code     0  startup_stm32f10x_md_vl.o(.text)
    DMA1_Channel5_IRQHandler                 0x0800028f   Thumb Code     0  startup_stm32f10x_md_vl.o(.text)
    DMA1_Channel6_IRQHandler                 0x0800028f   Thumb Code     0  startup_stm32f10x_md_vl.o(.text)
    DMA1_Channel7_IRQHandler                 0x0800028f   Thumb Code     0  startup_stm32f10x_md_vl.o(.text)
    EXTI0_IRQHandler                         0x0800028f   Thumb Code     0  startup_stm32f10x_md_vl.o(.text)
    EXTI15_10_IRQHandler                     0x0800028f   Thumb Code     0  startup_stm32f10x_md_vl.o(.text)
    EXTI1_IRQHandler                         0x0800028f   Thumb Code     0  startup_stm32f10x_md_vl.o(.text)
    EXTI2_IRQHandler                         0x0800028f   Thumb Code     0  startup_stm32f10x_md_vl.o(.text)
    EXTI3_IRQHandler                         0x0800028f   Thumb Code     0  startup_stm32f10x_md_vl.o(.text)
    EXTI4_IRQHandler                         0x0800028f   Thumb Code     0  startup_stm32f10x_md_vl.o(.text)
    EXTI9_5_IRQHandler                       0x0800028f   Thumb Code     0  startup_stm32f10x_md_vl.o(.text)
    FLASH_IRQHandler                         0x0800028f   Thumb Code     0  startup_stm32f10x_md_vl.o(.text)
    I2C1_ER_IRQHandler                       0x0800028f   Thumb Code     0  startup_stm32f10x_md_vl.o(.text)
    I2C1_EV_IRQHandler                       0x0800028f   Thumb Code     0  startup_stm32f10x_md_vl.o(.text)
    I2C2_ER_IRQHandler                       0x0800028f   Thumb Code     0  startup_stm32f10x_md_vl.o(.text)
    I2C2_EV_IRQHandler                       0x0800028f   Thumb Code     0  startup_stm32f10x_md_vl.o(.text)
    PVD_IRQHandler                           0x0800028f   Thumb Code     0  startup_stm32f10x_md_vl.o(.text)
    RCC_IRQHandler                           0x0800028f   Thumb Code     0  startup_stm32f10x_md_vl.o(.text)
    RTCAlarm_IRQHandler                      0x0800028f   Thumb Code     0  startup_stm32f10x_md_vl.o(.text)
    RTC_IRQHandler                           0x0800028f   Thumb Code     0  startup_stm32f10x_md_vl.o(.text)
    SPI1_IRQHandler                          0x0800028f   Thumb Code     0  startup_stm32f10x_md_vl.o(.text)
    SPI2_IRQHandler                          0x0800028f   Thumb Code     0  startup_stm32f10x_md_vl.o(.text)
    TAMPER_IRQHandler                        0x0800028f   Thumb Code     0  startup_stm32f10x_md_vl.o(.text)
    TIM1_BRK_TIM15_IRQHandler                0x0800028f   Thumb Code     0  startup_stm32f10x_md_vl.o(.text)
    TIM1_CC_IRQHandler                       0x0800028f   Thumb Code     0  startup_stm32f10x_md_vl.o(.text)
    TIM1_TRG_COM_TIM17_IRQHandler            0x0800028f   Thumb Code     0  startup_stm32f10x_md_vl.o(.text)
    TIM1_UP_TIM16_IRQHandler                 0x0800028f   Thumb Code     0  startup_stm32f10x_md_vl.o(.text)
    TIM2_IRQHandler                          0x0800028f   Thumb Code     0  startup_stm32f10x_md_vl.o(.text)
    TIM3_IRQHandler                          0x0800028f   Thumb Code     0  startup_stm32f10x_md_vl.o(.text)
    TIM4_IRQHandler                          0x0800028f   Thumb Code     0  startup_stm32f10x_md_vl.o(.text)
    TIM6_DAC_IRQHandler                      0x0800028f   Thumb Code     0  startup_stm32f10x_md_vl.o(.text)
    TIM7_IRQHandler                          0x0800028f   Thumb Code     0  startup_stm32f10x_md_vl.o(.text)
    USART3_IRQHandler                        0x0800028f   Thumb Code     0  startup_stm32f10x_md_vl.o(.text)
    WWDG_IRQHandler                          0x0800028f   Thumb Code     0  startup_stm32f10x_md_vl.o(.text)
    __user_initial_stackheap                 0x08000291   Thumb Code     0  startup_stm32f10x_md_vl.o(.text)
    __2sprintf                               0x080002b5   Thumb Code    34  noretval__2sprintf.o(.text)
    _printf_int_dec                          0x080002dd   Thumb Code   104  _printf_dec.o(.text)
    __printf                                 0x08000355   Thumb Code   270  __printf_wp.o(.text)
    __aeabi_memcpy                           0x08000463   Thumb Code     0  rt_memcpy_v6.o(.text)
    __rt_memcpy                              0x08000463   Thumb Code   138  rt_memcpy_v6.o(.text)
    _memcpy_lastbytes                        0x080004c9   Thumb Code     0  rt_memcpy_v6.o(.text)
    __aeabi_memcpy4                          0x080004ed   Thumb Code     0  rt_memcpy_w.o(.text)
    __aeabi_memcpy8                          0x080004ed   Thumb Code     0  rt_memcpy_w.o(.text)
    __rt_memcpy_w                            0x080004ed   Thumb Code   100  rt_memcpy_w.o(.text)
    _memcpy_lastbytes_aligned                0x08000535   Thumb Code     0  rt_memcpy_w.o(.text)
    __use_two_region_memory                  0x08000551   Thumb Code     2  heapauxi.o(.text)
    __rt_heap_escrow$2region                 0x08000553   Thumb Code     2  heapauxi.o(.text)
    __rt_heap_expand$2region                 0x08000555   Thumb Code     2  heapauxi.o(.text)
    _printf_int_common                       0x08000557   Thumb Code   178  _printf_intcommon.o(.text)
    __lib_sel_fp_printf                      0x08000609   Thumb Code     2  _printf_fp_dec.o(.text)
    _printf_fp_dec_real                      0x080007bb   Thumb Code   620  _printf_fp_dec.o(.text)
    _printf_char_common                      0x08000a33   Thumb Code    32  _printf_char_common.o(.text)
    _sputc                                   0x08000a59   Thumb Code    10  _sputc.o(.text)
    __rt_locale                              0x08000a65   Thumb Code     8  rt_locale_intlibspace.o(.text)
    _ll_udiv10                               0x08000a6d   Thumb Code   138  lludiv10.o(.text)
    _printf_fp_infnan                        0x08000af9   Thumb Code   112  _printf_fp_infnan.o(.text)
    _btod_etento                             0x08000b79   Thumb Code   224  bigflt0.o(.text)
    __user_libspace                          0x08000c5d   Thumb Code     8  libspace.o(.text)
    __user_perproc_libspace                  0x08000c5d   Thumb Code     0  libspace.o(.text)
    __user_perthread_libspace                0x08000c5d   Thumb Code     0  libspace.o(.text)
    __user_setup_stackheap                   0x08000c65   Thumb Code    74  sys_stackheap_outer.o(.text)
    exit                                     0x08000caf   Thumb Code    18  exit.o(.text)
    strcmp                                   0x08000cc1   Thumb Code   128  strcmpv7m.o(.text)
    _sys_exit                                0x08000d41   Thumb Code     8  sys_exit.o(.text)
    __I$use$semihosting                      0x08000d4d   Thumb Code     0  use_no_semi.o(.text)
    __use_no_semihosting_swi                 0x08000d4d   Thumb Code     2  use_no_semi.o(.text)
    __semihosting_library_function           0x08000d4f   Thumb Code     0  indicate_semi.o(.text)
    _btod_d2e                                0x08000d4f   Thumb Code    62  btod.o(CL$$btod_d2e)
    _d2e_denorm_low                          0x08000d8d   Thumb Code    70  btod.o(CL$$btod_d2e_denorm_low)
    _d2e_norm_op1                            0x08000dd3   Thumb Code    96  btod.o(CL$$btod_d2e_norm_op1)
    __btod_div_common                        0x08000e33   Thumb Code   696  btod.o(CL$$btod_div_common)
    _e2e                                     0x0800116b   Thumb Code   220  btod.o(CL$$btod_e2e)
    _btod_ediv                               0x08001247   Thumb Code    42  btod.o(CL$$btod_ediv)
    _btod_emul                               0x08001271   Thumb Code    42  btod.o(CL$$btod_emul)
    __btod_mult_common                       0x0800129b   Thumb Code   580  btod.o(CL$$btod_mult_common)
    GenMCO                                   0x080014e1   Thumb Code    58  sysinit.o(i.GenMCO)
    InitADC                                  0x08001525   Thumb Code   160  libadc.o(i.InitADC)
    InitDAC                                  0x080015d1   Thumb Code    58  libdac.o(i.InitDAC)
    InitGPIO                                 0x08001619   Thumb Code    86  sysinit.o(i.InitGPIO)
    InitPWM                                  0x08001679   Thumb Code   142  libpwm.o(i.InitPWM)
    InitRCC                                  0x08001711   Thumb Code   174  sysinit.o(i.InitRCC)
    InitUART                                 0x080017c9   Thumb Code    12  libuart.o(i.InitUART)
    InitUSART1                               0x080017d5   Thumb Code   134  libuart.o(i.InitUSART1)
    InitUSART2                               0x08001869   Thumb Code   134  libuart.o(i.InitUSART2)
    SendDataUSART1                           0x08001915   Thumb Code    22  libuart.o(i.SendDataUSART1)
    SendStringUSART1                         0x08001931   Thumb Code    28  libuart.o(i.SendStringUSART1)
    SendUSART1                               0x0800194d   Thumb Code    22  libuart.o(i.SendUSART1)
    StartConvADC                             0x08001a29   Thumb Code    38  libadc.o(i.StartConvADC)
    SysTick_Handler                          0x08001a55   Thumb Code    46  port.o(i.SysTick_Handler)
    SystemInit                               0x08001a89   Thumb Code    82  system_stm32f10x.o(i.SystemInit)
    USART1_IRQHandler                        0x08001aed   Thumb Code    24  main.o(i.USART1_IRQHandler)
    USART2_IRQHandler                        0x08001b09   Thumb Code    24  main.o(i.USART2_IRQHandler)
    __ARM_fpclassify                         0x08001b25   Thumb Code    40  fpclassify.o(i.__ARM_fpclassify)
    _is_digit                                0x08001b4d   Thumb Code    14  __printf_wp.o(i._is_digit)
    flashLock                                0x08001b5d   Thumb Code    14  sysinit.o(i.flashLock)
    flashUnlock                              0x08001b71   Thumb Code    12  sysinit.o(i.flashUnlock)
    flashWriteData                           0x08001b89   Thumb Code    76  sysinit.o(i.flashWriteData)
    main                                     0x08001bd9   Thumb Code   128  main.o(i.main)
    pvPortMalloc                             0x080020ed   Thumb Code    98  heap_1.o(i.pvPortMalloc)
    pxPortInitialiseStack                    0x0800215d   Thumb Code    30  port.o(i.pxPortInitialiseStack)
    uxListRemove                             0x08002181   Thumb Code    40  list.o(i.uxListRemove)
    uxQueueMessagesWaiting                   0x080021a9   Thumb Code    18  queue.o(i.uxQueueMessagesWaiting)
    vListInitialise                          0x080021bb   Thumb Code    26  list.o(i.vListInitialise)
    vListInitialiseItem                      0x080021d5   Thumb Code     6  list.o(i.vListInitialiseItem)
    vListInsert                              0x080021db   Thumb Code    52  list.o(i.vListInsert)
    vListInsertEnd                           0x0800220f   Thumb Code    24  list.o(i.vListInsertEnd)
    vPortEnterCritical                       0x08002229   Thumb Code    30  port.o(i.vPortEnterCritical)
    vPortExitCritical                        0x0800224d   Thumb Code    28  port.o(i.vPortExitCritical)
    vPortFree                                0x0800226d   Thumb Code     2  heap_1.o(i.vPortFree)
    vPortSetupTimerInterrupt                 0x0800226f   Thumb Code    16  port.o(i.vPortSetupTimerInterrupt)
    vTaskConvADC                             0x08002281   Thumb Code    44  main.o(i.vTaskConvADC)
    vTaskDACout                              0x080022b5   Thumb Code    42  main.o(i.vTaskDACout)
    vTaskDelay                               0x080022e5   Thumb Code    46  tasks.o(i.vTaskDelay)
    vTaskMissedYield                         0x08002319   Thumb Code     8  tasks.o(i.vTaskMissedYield)
    vTaskNextionHMI                          0x08002325   Thumb Code   212  main.o(i.vTaskNextionHMI)
    vTaskPlaceOnEventList                    0x08002435   Thumb Code    28  tasks.o(i.vTaskPlaceOnEventList)
    vTaskSetTimeOutState                     0x08002455   Thumb Code    14  tasks.o(i.vTaskSetTimeOutState)
    vTaskStartScheduler                      0x0800246d   Thumb Code    72  tasks.o(i.vTaskStartScheduler)
    vTaskSuspendAll                          0x080024d1   Thumb Code    12  tasks.o(i.vTaskSuspendAll)
    vTaskSwitchContext                       0x080024e1   Thumb Code    98  tasks.o(i.vTaskSwitchContext)
    writeDAC                                 0x08002559   Thumb Code    12  libdac.o(i.writeDAC)
    xPortStartScheduler                      0x08002569   Thumb Code    42  port.o(i.xPortStartScheduler)
    xQueueGenericCreate                      0x0800259d   Thumb Code    56  queue.o(i.xQueueGenericCreate)
    xQueueGenericReceive                     0x080025d5   Thumb Code   312  queue.o(i.xQueueGenericReceive)
    xQueueGenericReset                       0x08002711   Thumb Code   122  queue.o(i.xQueueGenericReset)
    xQueueGenericSend                        0x08002791   Thumb Code   276  queue.o(i.xQueueGenericSend)
    xTaskCheckForTimeOut                     0x080028a9   Thumb Code    84  tasks.o(i.xTaskCheckForTimeOut)
    xTaskCreate                              0x08002905   Thumb Code    96  tasks.o(i.xTaskCreate)
    xTaskIncrementTick                       0x08002965   Thumb Code   236  tasks.o(i.xTaskIncrementTick)
    xTaskRemoveFromEventList                 0x08002a7d   Thumb Code   102  tasks.o(i.xTaskRemoveFromEventList)
    xTaskResumeAll                           0x08002afd   Thumb Code   194  tasks.o(i.xTaskResumeAll)
    _get_lc_numeric                          0x08002be5   Thumb Code    44  lc_numeric_c.o(locale$$code)
    __fpl_dretinf                            0x08002c11   Thumb Code    12  dretinf.o(x$fpl$dretinf)
    __aeabi_f2d                              0x08002c1d   Thumb Code     0  f2d.o(x$fpl$f2d)
    _f2d                                     0x08002c1d   Thumb Code    86  f2d.o(x$fpl$f2d)
    __aeabi_ui2f                             0x08002c75   Thumb Code     0  fflt_clz.o(x$fpl$ffltu)
    _ffltu                                   0x08002c75   Thumb Code    38  fflt_clz.o(x$fpl$ffltu)
    __aeabi_fmul                             0x08002c9d   Thumb Code     0  fmul.o(x$fpl$fmul)
    _fmul                                    0x08002c9d   Thumb Code   258  fmul.o(x$fpl$fmul)
    __fpl_fnaninf                            0x08002d9f   Thumb Code   140  fnaninf.o(x$fpl$fnaninf)
    __fpl_fretinf                            0x08002e2b   Thumb Code    10  fretinf.o(x$fpl$fretinf)
    _printf_fp_dec                           0x08002e35   Thumb Code     4  printf1.o(x$fpl$printf1)
    __I$use$fp                               0x08002e38   Number         0  usenofp.o(x$fpl$usenofp)
    Region$$Table$$Base                      0x08002f0c   Number         0  anon$$obj.o(Region$$Table)
    Region$$Table$$Limit                     0x08002f2c   Number         0  anon$$obj.o(Region$$Table)
    SendDataADC                              0x20000000   Data           4  main.o(.data)
    pxCurrentTCB                             0x20000010   Data           4  tasks.o(.data)
    __libspace_start                         0x20001914   Data          96  libspace.o(.bss)
    __temporary_stack_top$libspace           0x20001974   Data           0  libspace.o(.bss)



==============================================================================

Memory Map of the image

  Image Entry point : 0x08000275

  Load Region LR_1 (Base: 0x08000000, Size: 0x00002f94, Max: 0xffffffff, ABSOLUTE)

    Execution Region ER_RO (Exec base: 0x08000000, Load base: 0x08000000, Size: 0x00002f48, Max: 0xffffffff, ABSOLUTE)

    Exec Addr    Load Addr    Size         Type   Attr      Idx    E Section Name        Object

    0x08000000   0x08000000   0x00000120   Data   RO            3    RESET               startup_stm32f10x_md_vl.o
    0x08000120   0x08000120   0x00000008   Code   RO         1100  * !!!main             c_w.l(__main.o)
    0x08000128   0x08000128   0x00000034   Code   RO         1330    !!!scatter          c_w.l(__scatter.o)
    0x0800015c   0x0800015c   0x0000001a   Code   RO         1332    !!handler_copy      c_w.l(__scatter_copy.o)
    0x08000176   0x08000176   0x00000002   PAD
    0x08000178   0x08000178   0x0000001c   Code   RO         1334    !!handler_zi        c_w.l(__scatter_zi.o)
    0x08000194   0x08000194   0x00000000   Code   RO         1093    .ARM.Collect$$_printf_percent$$00000000  c_w.l(_printf_percent.o)
    0x08000194   0x08000194   0x00000006   Code   RO         1092    .ARM.Collect$$_printf_percent$$00000003  c_w.l(_printf_f.o)
    0x0800019a   0x0800019a   0x00000006   Code   RO         1091    .ARM.Collect$$_printf_percent$$0000000A  c_w.l(_printf_u.o)
    0x080001a0   0x080001a0   0x00000004   Code   RO         1123    .ARM.Collect$$_printf_percent$$00000017  c_w.l(_printf_percent_end.o)
    0x080001a4   0x080001a4   0x00000002   Code   RO         1203    .ARM.Collect$$libinit$$00000000  c_w.l(libinit.o)
    0x080001a6   0x080001a6   0x00000000   Code   RO         1205    .ARM.Collect$$libinit$$00000002  c_w.l(libinit2.o)
    0x080001a6   0x080001a6   0x00000000   Code   RO         1207    .ARM.Collect$$libinit$$00000004  c_w.l(libinit2.o)
    0x080001a6   0x080001a6   0x00000000   Code   RO         1210    .ARM.Collect$$libinit$$0000000A  c_w.l(libinit2.o)
    0x080001a6   0x080001a6   0x00000000   Code   RO         1212    .ARM.Collect$$libinit$$0000000C  c_w.l(libinit2.o)
    0x080001a6   0x080001a6   0x00000000   Code   RO         1214    .ARM.Collect$$libinit$$0000000E  c_w.l(libinit2.o)
    0x080001a6   0x080001a6   0x00000006   Code   RO         1215    .ARM.Collect$$libinit$$0000000F  c_w.l(libinit2.o)
    0x080001ac   0x080001ac   0x00000000   Code   RO         1217    .ARM.Collect$$libinit$$00000011  c_w.l(libinit2.o)
    0x080001ac   0x080001ac   0x00000000   Code   RO         1219    .ARM.Collect$$libinit$$00000013  c_w.l(libinit2.o)
    0x080001ac   0x080001ac   0x00000000   Code   RO         1221    .ARM.Collect$$libinit$$00000015  c_w.l(libinit2.o)
    0x080001ac   0x080001ac   0x0000000a   Code   RO         1222    .ARM.Collect$$libinit$$00000016  c_w.l(libinit2.o)
    0x080001b6   0x080001b6   0x00000000   Code   RO         1223    .ARM.Collect$$libinit$$00000017  c_w.l(libinit2.o)
    0x080001b6   0x080001b6   0x00000000   Code   RO         1225    .ARM.Collect$$libinit$$00000019  c_w.l(libinit2.o)
    0x080001b6   0x080001b6   0x00000000   Code   RO         1227    .ARM.Collect$$libinit$$0000001B  c_w.l(libinit2.o)
    0x080001b6   0x080001b6   0x00000000   Code   RO         1229    .ARM.Collect$$libinit$$0000001D  c_w.l(libinit2.o)
    0x080001b6   0x080001b6   0x00000000   Code   RO         1231    .ARM.Collect$$libinit$$0000001F  c_w.l(libinit2.o)
    0x080001b6   0x080001b6   0x00000000   Code   RO         1233    .ARM.Collect$$libinit$$00000021  c_w.l(libinit2.o)
    0x080001b6   0x080001b6   0x00000000   Code   RO         1235    .ARM.Collect$$libinit$$00000023  c_w.l(libinit2.o)
    0x080001b6   0x080001b6   0x00000000   Code   RO         1237    .ARM.Collect$$libinit$$00000025  c_w.l(libinit2.o)
    0x080001b6   0x080001b6   0x00000000   Code   RO         1241    .ARM.Collect$$libinit$$0000002C  c_w.l(libinit2.o)
    0x080001b6   0x080001b6   0x00000000   Code   RO         1243    .ARM.Collect$$libinit$$0000002E  c_w.l(libinit2.o)
    0x080001b6   0x080001b6   0x00000000   Code   RO         1245    .ARM.Collect$$libinit$$00000030  c_w.l(libinit2.o)
    0x080001b6   0x080001b6   0x00000000   Code   RO         1247    .ARM.Collect$$libinit$$00000032  c_w.l(libinit2.o)
    0x080001b6   0x080001b6   0x00000002   Code   RO         1248    .ARM.Collect$$libinit$$00000033  c_w.l(libinit2.o)
    0x080001b8   0x080001b8   0x00000002   Code   RO         1278    .ARM.Collect$$libshutdown$$00000000  c_w.l(libshutdown.o)
    0x080001ba   0x080001ba   0x00000000   Code   RO         1289    .ARM.Collect$$libshutdown$$00000002  c_w.l(libshutdown2.o)
    0x080001ba   0x080001ba   0x00000000   Code   RO         1291    .ARM.Collect$$libshutdown$$00000004  c_w.l(libshutdown2.o)
    0x080001ba   0x080001ba   0x00000000   Code   RO         1294    .ARM.Collect$$libshutdown$$00000007  c_w.l(libshutdown2.o)
    0x080001ba   0x080001ba   0x00000000   Code   RO         1297    .ARM.Collect$$libshutdown$$0000000A  c_w.l(libshutdown2.o)
    0x080001ba   0x080001ba   0x00000000   Code   RO         1299    .ARM.Collect$$libshutdown$$0000000C  c_w.l(libshutdown2.o)
    0x080001ba   0x080001ba   0x00000000   Code   RO         1302    .ARM.Collect$$libshutdown$$0000000F  c_w.l(libshutdown2.o)
    0x080001ba   0x080001ba   0x00000002   Code   RO         1303    .ARM.Collect$$libshutdown$$00000010  c_w.l(libshutdown2.o)
    0x080001bc   0x080001bc   0x00000000   Code   RO         1114    .ARM.Collect$$rtentry$$00000000  c_w.l(__rtentry.o)
    0x080001bc   0x080001bc   0x00000000   Code   RO         1132    .ARM.Collect$$rtentry$$00000002  c_w.l(__rtentry2.o)
    0x080001bc   0x080001bc   0x00000006   Code   RO         1144    .ARM.Collect$$rtentry$$00000004  c_w.l(__rtentry4.o)
    0x080001c2   0x080001c2   0x00000000   Code   RO         1134    .ARM.Collect$$rtentry$$00000009  c_w.l(__rtentry2.o)
    0x080001c2   0x080001c2   0x00000004   Code   RO         1135    .ARM.Collect$$rtentry$$0000000A  c_w.l(__rtentry2.o)
    0x080001c6   0x080001c6   0x00000000   Code   RO         1137    .ARM.Collect$$rtentry$$0000000C  c_w.l(__rtentry2.o)
    0x080001c6   0x080001c6   0x00000008   Code   RO         1138    .ARM.Collect$$rtentry$$0000000D  c_w.l(__rtentry2.o)
    0x080001ce   0x080001ce   0x00000002   Code   RO         1249    .ARM.Collect$$rtexit$$00000000  c_w.l(rtexit.o)
    0x080001d0   0x080001d0   0x00000000   Code   RO         1256    .ARM.Collect$$rtexit$$00000002  c_w.l(rtexit2.o)
    0x080001d0   0x080001d0   0x00000004   Code   RO         1257    .ARM.Collect$$rtexit$$00000003  c_w.l(rtexit2.o)
    0x080001d4   0x080001d4   0x00000006   Code   RO         1258    .ARM.Collect$$rtexit$$00000004  c_w.l(rtexit2.o)
    0x080001da   0x080001da   0x00000002   PAD
    0x080001dc   0x080001dc   0x00000096   Code   RO          572    .emb_text           port.o
    0x08000272   0x08000272   0x00000002   PAD
    0x08000274   0x08000274   0x00000040   Code   RO            4  * .text               startup_stm32f10x_md_vl.o
    0x080002b4   0x080002b4   0x00000028   Code   RO         1065    .text               c_w.l(noretval__2sprintf.o)
    0x080002dc   0x080002dc   0x00000078   Code   RO         1069    .text               c_w.l(_printf_dec.o)
    0x08000354   0x08000354   0x0000010e   Code   RO         1079    .text               c_w.l(__printf_wp.o)
    0x08000462   0x08000462   0x0000008a   Code   RO         1094    .text               c_w.l(rt_memcpy_v6.o)
    0x080004ec   0x080004ec   0x00000064   Code   RO         1096    .text               c_w.l(rt_memcpy_w.o)
    0x08000550   0x08000550   0x00000006   Code   RO         1098    .text               c_w.l(heapauxi.o)
    0x08000556   0x08000556   0x000000b2   Code   RO         1115    .text               c_w.l(_printf_intcommon.o)
    0x08000608   0x08000608   0x0000041e   Code   RO         1117    .text               c_w.l(_printf_fp_dec.o)
    0x08000a26   0x08000a26   0x00000002   PAD
    0x08000a28   0x08000a28   0x00000030   Code   RO         1119    .text               c_w.l(_printf_char_common.o)
    0x08000a58   0x08000a58   0x0000000a   Code   RO         1121    .text               c_w.l(_sputc.o)
    0x08000a62   0x08000a62   0x00000002   PAD
    0x08000a64   0x08000a64   0x00000008   Code   RO         1149    .text               c_w.l(rt_locale_intlibspace.o)
    0x08000a6c   0x08000a6c   0x0000008a   Code   RO         1151    .text               c_w.l(lludiv10.o)
    0x08000af6   0x08000af6   0x00000002   PAD
    0x08000af8   0x08000af8   0x00000080   Code   RO         1153    .text               c_w.l(_printf_fp_infnan.o)
    0x08000b78   0x08000b78   0x000000e4   Code   RO         1157    .text               c_w.l(bigflt0.o)
    0x08000c5c   0x08000c5c   0x00000008   Code   RO         1189    .text               c_w.l(libspace.o)
    0x08000c64   0x08000c64   0x0000004a   Code   RO         1192    .text               c_w.l(sys_stackheap_outer.o)
    0x08000cae   0x08000cae   0x00000012   Code   RO         1194    .text               c_w.l(exit.o)
    0x08000cc0   0x08000cc0   0x00000080   Code   RO         1196    .text               c_w.l(strcmpv7m.o)
    0x08000d40   0x08000d40   0x0000000c   Code   RO         1268    .text               c_w.l(sys_exit.o)
    0x08000d4c   0x08000d4c   0x00000002   Code   RO         1279    .text               c_w.l(use_no_semi.o)
    0x08000d4e   0x08000d4e   0x00000000   Code   RO         1281    .text               c_w.l(indicate_semi.o)
    0x08000d4e   0x08000d4e   0x0000003e   Code   RO         1160    CL$$btod_d2e        c_w.l(btod.o)
    0x08000d8c   0x08000d8c   0x00000046   Code   RO         1162    CL$$btod_d2e_denorm_low  c_w.l(btod.o)
    0x08000dd2   0x08000dd2   0x00000060   Code   RO         1161    CL$$btod_d2e_norm_op1  c_w.l(btod.o)
    0x08000e32   0x08000e32   0x00000338   Code   RO         1170    CL$$btod_div_common  c_w.l(btod.o)
    0x0800116a   0x0800116a   0x000000dc   Code   RO         1167    CL$$btod_e2e        c_w.l(btod.o)
    0x08001246   0x08001246   0x0000002a   Code   RO         1164    CL$$btod_ediv       c_w.l(btod.o)
    0x08001270   0x08001270   0x0000002a   Code   RO         1163    CL$$btod_emul       c_w.l(btod.o)
    0x0800129a   0x0800129a   0x00000244   Code   RO         1169    CL$$btod_mult_common  c_w.l(btod.o)
    0x080014de   0x080014de   0x00000002   PAD
    0x080014e0   0x080014e0   0x00000044   Code   RO          177    i.GenMCO            sysinit.o
    0x08001524   0x08001524   0x000000ac   Code   RO          322    i.InitADC           libadc.o
    0x080015d0   0x080015d0   0x00000048   Code   RO          343    i.InitDAC           libdac.o
    0x08001618   0x08001618   0x00000060   Code   RO          178    i.InitGPIO          sysinit.o
    0x08001678   0x08001678   0x00000098   Code   RO          307    i.InitPWM           libpwm.o
    0x08001710   0x08001710   0x000000b8   Code   RO          179    i.InitRCC           sysinit.o
    0x080017c8   0x080017c8   0x0000000c   Code   RO          231    i.InitUART          libuart.o
    0x080017d4   0x080017d4   0x00000094   Code   RO          232    i.InitUSART1        libuart.o
    0x08001868   0x08001868   0x00000094   Code   RO          233    i.InitUSART2        libuart.o
    0x080018fc   0x080018fc   0x00000016   Code   RO          234    i.NVIC_EnableIRQ    libuart.o
    0x08001912   0x08001912   0x00000002   PAD
    0x08001914   0x08001914   0x0000001c   Code   RO          235    i.SendDataUSART1    libuart.o
    0x08001930   0x08001930   0x0000001c   Code   RO          237    i.SendStringUSART1  libuart.o
    0x0800194c   0x0800194c   0x0000001c   Code   RO          239    i.SendUSART1        libuart.o
    0x08001968   0x08001968   0x00000008   Code   RO           24    i.SetSysClock       system_stm32f10x.o
    0x08001970   0x08001970   0x000000b8   Code   RO           25    i.SetSysClockTo24   system_stm32f10x.o
    0x08001a28   0x08001a28   0x0000002c   Code   RO          323    i.StartConvADC      libadc.o
    0x08001a54   0x08001a54   0x00000034   Code   RO          573    i.SysTick_Handler   port.o
    0x08001a88   0x08001a88   0x00000064   Code   RO           27    i.SystemInit        system_stm32f10x.o
    0x08001aec   0x08001aec   0x0000001c   Code   RO           65    i.USART1_IRQHandler  main.o
    0x08001b08   0x08001b08   0x0000001c   Code   RO           66    i.USART2_IRQHandler  main.o
    0x08001b24   0x08001b24   0x00000028   Code   RO         1187    i.__ARM_fpclassify  m_ws.l(fpclassify.o)
    0x08001b4c   0x08001b4c   0x0000000e   Code   RO         1081    i._is_digit         c_w.l(__printf_wp.o)
    0x08001b5a   0x08001b5a   0x00000002   PAD
    0x08001b5c   0x08001b5c   0x00000014   Code   RO          181    i.flashLock         sysinit.o
    0x08001b70   0x08001b70   0x00000018   Code   RO          183    i.flashUnlock       sysinit.o
    0x08001b88   0x08001b88   0x00000050   Code   RO          184    i.flashWriteData    sysinit.o
    0x08001bd8   0x08001bd8   0x000000a4   Code   RO           67    i.main              main.o
    0x08001c7c   0x08001c7c   0x0000007c   Code   RO          770    i.prvAddCurrentTaskToDelayedList  tasks.o
    0x08001cf8   0x08001cf8   0x000000b0   Code   RO          771    i.prvAddNewTaskToReadyList  tasks.o
    0x08001da8   0x08001da8   0x00000064   Code   RO          772    i.prvCheckTasksWaitingTermination  tasks.o
    0x08001e0c   0x08001e0c   0x0000002a   Code   RO          643    i.prvCopyDataFromQueue  queue.o
    0x08001e36   0x08001e36   0x0000006a   Code   RO          644    i.prvCopyDataToQueue  queue.o
    0x08001ea0   0x08001ea0   0x00000012   Code   RO          773    i.prvDeleteTCB      tasks.o
    0x08001eb2   0x08001eb2   0x00000002   PAD
    0x08001eb4   0x08001eb4   0x00000028   Code   RO          774    i.prvIdleTask       tasks.o
    0x08001edc   0x08001edc   0x00000026   Code   RO          645    i.prvInitialiseNewQueue  queue.o
    0x08001f02   0x08001f02   0x00000080   Code   RO          775    i.prvInitialiseNewTask  tasks.o
    0x08001f82   0x08001f82   0x00000002   PAD
    0x08001f84   0x08001f84   0x00000068   Code   RO          776    i.prvInitialiseTaskLists  tasks.o
    0x08001fec   0x08001fec   0x0000001a   Code   RO          646    i.prvIsQueueEmpty   queue.o
    0x08002006   0x08002006   0x0000001e   Code   RO          647    i.prvIsQueueFull    queue.o
    0x08002024   0x08002024   0x00000034   Code   RO          777    i.prvResetNextTaskUnblockTime  tasks.o
    0x08002058   0x08002058   0x00000016   Code   RO          574    i.prvTaskExitError  port.o
    0x0800206e   0x0800206e   0x0000007e   Code   RO          648    i.prvUnlockQueue    queue.o
    0x080020ec   0x080020ec   0x00000070   Code   RO          503    i.pvPortMalloc      heap_1.o
    0x0800215c   0x0800215c   0x00000024   Code   RO          575    i.pxPortInitialiseStack  port.o
    0x08002180   0x08002180   0x00000028   Code   RO          536    i.uxListRemove      list.o
    0x080021a8   0x080021a8   0x00000012   Code   RO          649    i.uxQueueMessagesWaiting  queue.o
    0x080021ba   0x080021ba   0x0000001a   Code   RO          537    i.vListInitialise   list.o
    0x080021d4   0x080021d4   0x00000006   Code   RO          538    i.vListInitialiseItem  list.o
    0x080021da   0x080021da   0x00000034   Code   RO          539    i.vListInsert       list.o
    0x0800220e   0x0800220e   0x00000018   Code   RO          540    i.vListInsertEnd    list.o
    0x08002226   0x08002226   0x00000002   PAD
    0x08002228   0x08002228   0x00000024   Code   RO          577    i.vPortEnterCritical  port.o
    0x0800224c   0x0800224c   0x00000020   Code   RO          578    i.vPortExitCritical  port.o
    0x0800226c   0x0800226c   0x00000002   Code   RO          504    i.vPortFree         heap_1.o
    0x0800226e   0x0800226e   0x00000010   Code   RO          579    i.vPortSetupTimerInterrupt  port.o
    0x0800227e   0x0800227e   0x00000002   PAD
    0x08002280   0x08002280   0x00000034   Code   RO           68    i.vTaskConvADC      main.o
    0x080022b4   0x080022b4   0x00000030   Code   RO           69    i.vTaskDACout       main.o
    0x080022e4   0x080022e4   0x00000034   Code   RO          784    i.vTaskDelay        tasks.o
    0x08002318   0x08002318   0x0000000c   Code   RO          788    i.vTaskMissedYield  tasks.o
    0x08002324   0x08002324   0x00000110   Code   RO           70    i.vTaskNextionHMI   main.o
    0x08002434   0x08002434   0x00000020   Code   RO          790    i.vTaskPlaceOnEventList  tasks.o
    0x08002454   0x08002454   0x00000018   Code   RO          794    i.vTaskSetTimeOutState  tasks.o
    0x0800246c   0x0800246c   0x00000064   Code   RO          795    i.vTaskStartScheduler  tasks.o
    0x080024d0   0x080024d0   0x00000010   Code   RO          797    i.vTaskSuspendAll   tasks.o
    0x080024e0   0x080024e0   0x00000078   Code   RO          798    i.vTaskSwitchContext  tasks.o
    0x08002558   0x08002558   0x00000010   Code   RO          344    i.writeDAC          libdac.o
    0x08002568   0x08002568   0x00000034   Code   RO          580    i.xPortStartScheduler  port.o
    0x0800259c   0x0800259c   0x00000038   Code   RO          653    i.xQueueGenericCreate  queue.o
    0x080025d4   0x080025d4   0x0000013c   Code   RO          654    i.xQueueGenericReceive  queue.o
    0x08002710   0x08002710   0x00000080   Code   RO          655    i.xQueueGenericReset  queue.o
    0x08002790   0x08002790   0x00000118   Code   RO          656    i.xQueueGenericSend  queue.o
    0x080028a8   0x080028a8   0x0000005c   Code   RO          799    i.xTaskCheckForTimeOut  tasks.o
    0x08002904   0x08002904   0x00000060   Code   RO          800    i.xTaskCreate       tasks.o
    0x08002964   0x08002964   0x00000118   Code   RO          807    i.xTaskIncrementTick  tasks.o
    0x08002a7c   0x08002a7c   0x00000080   Code   RO          810    i.xTaskRemoveFromEventList  tasks.o
    0x08002afc   0x08002afc   0x000000e8   Code   RO          812    i.xTaskResumeAll    tasks.o
    0x08002be4   0x08002be4   0x0000002c   Code   RO         1183    locale$$code        c_w.l(lc_numeric_c.o)
    0x08002c10   0x08002c10   0x0000000c   Code   RO         1124    x$fpl$dretinf       fz_ws.l(dretinf.o)
    0x08002c1c   0x08002c1c   0x00000056   Code   RO         1102    x$fpl$f2d           fz_ws.l(f2d.o)
    0x08002c72   0x08002c72   0x00000002   PAD
    0x08002c74   0x08002c74   0x00000026   Code   RO         1104    x$fpl$ffltu         fz_ws.l(fflt_clz.o)
    0x08002c9a   0x08002c9a   0x00000002   PAD
    0x08002c9c   0x08002c9c   0x00000102   Code   RO         1110    x$fpl$fmul          fz_ws.l(fmul.o)
    0x08002d9e   0x08002d9e   0x0000008c   Code   RO         1126    x$fpl$fnaninf       fz_ws.l(fnaninf.o)
    0x08002e2a   0x08002e2a   0x0000000a   Code   RO         1128    x$fpl$fretinf       fz_ws.l(fretinf.o)
    0x08002e34   0x08002e34   0x00000004   Code   RO         1112    x$fpl$printf1       fz_ws.l(printf1.o)
    0x08002e38   0x08002e38   0x00000000   Code   RO         1130    x$fpl$usenofp       fz_ws.l(usenofp.o)
    0x08002e38   0x08002e38   0x00000040   Data   RO           71    .constdata          main.o
    0x08002e78   0x08002e78   0x00000094   Data   RO         1158    .constdata          c_w.l(bigflt0.o)
    0x08002f0c   0x08002f0c   0x00000020   Data   RO         1328    Region$$Table       anon$$obj.o
    0x08002f2c   0x08002f2c   0x0000001c   Data   RO         1182    locale$$data        c_w.l(lc_numeric_c.o)


    Execution Region ER_RW (Exec base: 0x20000000, Load base: 0x08002f48, Size: 0x0000004c, Max: 0xffffffff, ABSOLUTE)

    Exec Addr    Load Addr    Size         Type   Attr      Idx    E Section Name        Object

    0x20000000   0x08002f48   0x00000004   Data   RW           72    .data               main.o
    0x20000004   0x08002f4c   0x00000008   Data   RW          508    .data               heap_1.o
    0x2000000c   0x08002f54   0x00000004   Data   RW          581    .data               port.o
    0x20000010   0x08002f58   0x0000003c   Data   RW          815    .data               tasks.o


    Execution Region ER_ZI (Exec base: 0x2000004c, Load base: 0x08002f94, Size: 0x00001f2c, Max: 0xffffffff, ABSOLUTE)

    Exec Addr    Load Addr    Size         Type   Attr      Idx    E Section Name        Object

    0x2000004c        -       0x00001800   Zero   RW          507    .bss                heap_1.o
    0x2000184c        -       0x000000c8   Zero   RW          814    .bss                tasks.o
    0x20001914        -       0x00000060   Zero   RW         1190    .bss                c_w.l(libspace.o)
    0x20001974   0x08002f94   0x00000004   PAD
    0x20001978        -       0x00000200   Zero   RW            2    HEAP                startup_stm32f10x_md_vl.o
    0x20001b78        -       0x00000400   Zero   RW            1    STACK               startup_stm32f10x_md_vl.o


==============================================================================

Image component sizes


      Code (inc. data)   RO Data    RW Data    ZI Data      Debug   Object Name

         0          0          0          0          0       4508   core_cm3.o
         0          0          0          0          0       6704   croutine.o
         0          0          0          0          0       8868   event_groups.o
       114         14          0          8       6144       1799   heap_1.o
       216         18          0          0          0        893   libadc.o
        88         18          0          0          0        821   libdac.o
       152         10          0          0          0        454   libpwm.o
       414         40          0          0          0      18253   libuart.o
       148          0          0          0          0       2978   list.o
       592        118         64          4          0       5940   main.o
       396         44          0          4          0       8116   port.o
      1166         14          0          0          0      11871   queue.o
        64         26        288          0       1536        828   startup_stm32f10x_md_vl.o
       472         52          0          0          0       2553   sysinit.o
       292         24          0          0          0     205105   system_stm32f10x.o
      1926        312          0         60        200      23317   tasks.o

    ----------------------------------------------------------------------
      6052        690        384         76       7880     303008   Object Totals
         0          0         32          0          0          0   (incl. Generated)
        12          0          0          0          0          0   (incl. Padding)

    ----------------------------------------------------------------------

      Code (inc. data)   RO Data    RW Data    ZI Data      Debug   Library Member Name

         8          0          0          0          0         68   __main.o
       284          0          0          0          0        156   __printf_wp.o
         0          0          0          0          0          0   __rtentry.o
        12          0          0          0          0          0   __rtentry2.o
         6          0          0          0          0          0   __rtentry4.o
        52          8          0          0          0          0   __scatter.o
        26          0          0          0          0          0   __scatter_copy.o
        28          0          0          0          0          0   __scatter_zi.o
        48          6          0          0          0         96   _printf_char_common.o
       120         16          0          0          0         92   _printf_dec.o
         6          0          0          0          0          0   _printf_f.o
      1054          0          0          0          0        216   _printf_fp_dec.o
       128         16          0          0          0         84   _printf_fp_infnan.o
       178          0          0          0          0         88   _printf_intcommon.o
         0          0          0          0          0          0   _printf_percent.o
         4          0          0          0          0          0   _printf_percent_end.o
         6          0          0          0          0          0   _printf_u.o
        10          0          0          0          0         68   _sputc.o
       228          4        148          0          0         96   bigflt0.o
      1936        128          0          0          0        672   btod.o
        18          0          0          0          0         80   exit.o
         6          0          0          0          0        152   heapauxi.o
         0          0          0          0          0          0   indicate_semi.o
        44         10         28          0          0         76   lc_numeric_c.o
         2          0          0          0          0          0   libinit.o
        18          0          0          0          0          0   libinit2.o
         2          0          0          0          0          0   libshutdown.o
         2          0          0          0          0          0   libshutdown2.o
         8          4          0          0         96         68   libspace.o
       138          0          0          0          0         80   lludiv10.o
        40          6          0          0          0         84   noretval__2sprintf.o
         8          4          0          0          0         68   rt_locale_intlibspace.o
       138          0          0          0          0         68   rt_memcpy_v6.o
       100          0          0          0          0         80   rt_memcpy_w.o
         2          0          0          0          0          0   rtexit.o
        10          0          0          0          0          0   rtexit2.o
       128          0          0          0          0         68   strcmpv7m.o
        12          4          0          0          0         68   sys_exit.o
        74          0          0          0          0         80   sys_stackheap_outer.o
         2          0          0          0          0         68   use_no_semi.o
        12          0          0          0          0         68   dretinf.o
        86          4          0          0          0         84   f2d.o
        38          0          0          0          0         68   fflt_clz.o
       258          4          0          0          0         84   fmul.o
       140          4          0          0          0         84   fnaninf.o
        10          0          0          0          0         68   fretinf.o
         4          0          0          0          0         68   printf1.o
         0          0          0          0          0          0   usenofp.o
        40          0          0          0          0         68   fpclassify.o

    ----------------------------------------------------------------------
      5492        218        176          0        100       3268   Library Totals
        18          0          0          0          4          0   (incl. Padding)

    ----------------------------------------------------------------------

      Code (inc. data)   RO Data    RW Data    ZI Data      Debug   Library Name

      4886        206        176          0         96       2676   c_w.l
       548         12          0          0          0        524   fz_ws.l
        40          0          0          0          0         68   m_ws.l

    ----------------------------------------------------------------------
      5492        218        176          0        100       3268   Library Totals

    ----------------------------------------------------------------------

==============================================================================


      Code (inc. data)   RO Data    RW Data    ZI Data      Debug   

     11544        908        560         76       7980     300812   Grand Totals
     11544        908        560         76       7980     300812   ELF Image Totals
     11544        908        560         76          0          0   ROM Totals

==============================================================================

    Total RO  Size (Code + RO Data)                12104 (  11.82kB)
    Total RW  Size (RW Data + ZI Data)              8056 (   7.87kB)
    Total ROM Size (Code + RO Data + RW Data)      12180 (  11.89kB)

==============================================================================

