Archive member included to satisfy reference by file (symbol)

c:/program files (x86)/atollic/truestudio for stm32 9.0.0/armtools/bin/../lib/gcc/arm-atollic-eabi/6.3.1/../../../../arm-atollic-eabi/lib/armv7e-m/fpu/fpv5-sp-d16\libc_nano.a(lib_a-init.o)
                              Startup\startup_stm32f746xx.o (__libc_init_array)

Memory Configuration

Name             Origin             Length             Attributes
FLASH            0x08000000         0x00100000         xr
DTCMRAM          0x20000000         0x00010000         xrw
SRAM1            0x20010000         0x0003c000         xrw
SRAM2            0x2004c000         0x00004000         xrw
MEMORY_B1        0x60000000         0x00000000         xr
*default*        0x00000000         0xffffffff

Linker script and memory map

LOAD c:/program files (x86)/atollic/truestudio for stm32 9.0.0/armtools/bin/../lib/gcc/arm-atollic-eabi/6.3.1/armv7e-m/fpu/fpv5-sp-d16/crti.o
LOAD c:/program files (x86)/atollic/truestudio for stm32 9.0.0/armtools/bin/../lib/gcc/arm-atollic-eabi/6.3.1/armv7e-m/fpu/fpv5-sp-d16/crtbegin.o
LOAD CMSIS\src\system_stm32f7xx.o
LOAD Code\src\DisplayLTDC.o
LOAD Code\src\InitSystemMCU.o
LOAD Code\src\main.o
LOAD Startup\startup_stm32f746xx.o
                0x00000080                malloc_getpagesize_P = 0x80
START GROUP
LOAD c:/program files (x86)/atollic/truestudio for stm32 9.0.0/armtools/bin/../lib/gcc/arm-atollic-eabi/6.3.1/../../../../arm-atollic-eabi/lib/armv7e-m/fpu/fpv5-sp-d16\libc_nano.a
LOAD c:/program files (x86)/atollic/truestudio for stm32 9.0.0/armtools/bin/../lib/gcc/arm-atollic-eabi/6.3.1/../../../../arm-atollic-eabi/lib/armv7e-m/fpu/fpv5-sp-d16\libm.a
END GROUP
START GROUP
LOAD c:/program files (x86)/atollic/truestudio for stm32 9.0.0/armtools/bin/../lib/gcc/arm-atollic-eabi/6.3.1/armv7e-m/fpu/fpv5-sp-d16\libgcc.a
LOAD c:/program files (x86)/atollic/truestudio for stm32 9.0.0/armtools/bin/../lib/gcc/arm-atollic-eabi/6.3.1/../../../../arm-atollic-eabi/lib/armv7e-m/fpu/fpv5-sp-d16\libc_nano.a
END GROUP
START GROUP
LOAD c:/program files (x86)/atollic/truestudio for stm32 9.0.0/armtools/bin/../lib/gcc/arm-atollic-eabi/6.3.1/armv7e-m/fpu/fpv5-sp-d16\libgcc.a
LOAD c:/program files (x86)/atollic/truestudio for stm32 9.0.0/armtools/bin/../lib/gcc/arm-atollic-eabi/6.3.1/../../../../arm-atollic-eabi/lib/armv7e-m/fpu/fpv5-sp-d16\libc_nano.a
LOAD c:/program files (x86)/atollic/truestudio for stm32 9.0.0/armtools/bin/../lib/gcc/arm-atollic-eabi/6.3.1/../../../../arm-atollic-eabi/lib/armv7e-m/fpu/fpv5-sp-d16\libnosys.a
END GROUP
START GROUP
LOAD c:/program files (x86)/atollic/truestudio for stm32 9.0.0/armtools/bin/../lib/gcc/arm-atollic-eabi/6.3.1/armv7e-m/fpu/fpv5-sp-d16\libgcc.a
LOAD c:/program files (x86)/atollic/truestudio for stm32 9.0.0/armtools/bin/../lib/gcc/arm-atollic-eabi/6.3.1/../../../../arm-atollic-eabi/lib/armv7e-m/fpu/fpv5-sp-d16\libc_nano.a
LOAD c:/program files (x86)/atollic/truestudio for stm32 9.0.0/armtools/bin/../lib/gcc/arm-atollic-eabi/6.3.1/../../../../arm-atollic-eabi/lib/armv7e-m/fpu/fpv5-sp-d16\libnosys.a
END GROUP
LOAD c:/program files (x86)/atollic/truestudio for stm32 9.0.0/armtools/bin/../lib/gcc/arm-atollic-eabi/6.3.1/armv7e-m/fpu/fpv5-sp-d16/crtend.o
LOAD c:/program files (x86)/atollic/truestudio for stm32 9.0.0/armtools/bin/../lib/gcc/arm-atollic-eabi/6.3.1/armv7e-m/fpu/fpv5-sp-d16/crtn.o
                0x20050000                _estack = 0x20050000
                0x00000000                _Min_Heap_Size = 0x0
                0x00000400                _Min_Stack_Size = 0x400

.isr_vector     0x08000000      0x1c8
                0x08000000                . = ALIGN (0x4)
 *(.isr_vector)
 .isr_vector    0x08000000      0x1c8 Startup\startup_stm32f746xx.o
                0x08000000                g_pfnVectors
                0x080001c8                . = ALIGN (0x4)

.text           0x080001c8      0x7f4
                0x080001c8                . = ALIGN (0x4)
 *(.text)
 .text          0x080001c8        0x0 c:/program files (x86)/atollic/truestudio for stm32 9.0.0/armtools/bin/../lib/gcc/arm-atollic-eabi/6.3.1/armv7e-m/fpu/fpv5-sp-d16/crti.o
 .text          0x080001c8       0x40 c:/program files (x86)/atollic/truestudio for stm32 9.0.0/armtools/bin/../lib/gcc/arm-atollic-eabi/6.3.1/armv7e-m/fpu/fpv5-sp-d16/crtbegin.o
 .text          0x08000208      0x160 CMSIS\src\system_stm32f7xx.o
                0x08000208                SystemInit
                0x08000274                SystemCoreClockUpdate
 .text          0x08000368      0x544 Code\src\DisplayLTDC.o
                0x08000368                InitGpioLTDC
                0x08000834                DisplayEnable
                0x08000870                DisplayLED
 .text          0x080008ac       0x3c Code\src\InitSystemMCU.o
                0x080008ac                InitBaseGPIO
 .text          0x080008e8        0x6 Code\src\main.o
                0x080008e8                main
 .text          0x080008ee       0x14 Startup\startup_stm32f746xx.o
 .text          0x08000902        0x0 c:/program files (x86)/atollic/truestudio for stm32 9.0.0/armtools/bin/../lib/gcc/arm-atollic-eabi/6.3.1/../../../../arm-atollic-eabi/lib/armv7e-m/fpu/fpv5-sp-d16\libc_nano.a(lib_a-init.o)
 .text          0x08000902        0x0 c:/program files (x86)/atollic/truestudio for stm32 9.0.0/armtools/bin/../lib/gcc/arm-atollic-eabi/6.3.1/armv7e-m/fpu/fpv5-sp-d16/crtend.o
 .text          0x08000902        0x0 c:/program files (x86)/atollic/truestudio for stm32 9.0.0/armtools/bin/../lib/gcc/arm-atollic-eabi/6.3.1/armv7e-m/fpu/fpv5-sp-d16/crtn.o
 *(.text*)
 *fill*         0x08000902        0x2 
 .text.Reset_Handler
                0x08000904       0x50 Startup\startup_stm32f746xx.o
                0x08000904                Reset_Handler
 .text.Default_Handler
                0x08000954        0x2 Startup\startup_stm32f746xx.o
                0x08000954                RTC_Alarm_IRQHandler
                0x08000954                EXTI2_IRQHandler
                0x08000954                TIM8_CC_IRQHandler
                0x08000954                DebugMon_Handler
                0x08000954                UART8_IRQHandler
                0x08000954                SPI4_IRQHandler
                0x08000954                TIM1_CC_IRQHandler
                0x08000954                DMA2_Stream5_IRQHandler
                0x08000954                HardFault_Handler
                0x08000954                DMA1_Stream5_IRQHandler
                0x08000954                SysTick_Handler
                0x08000954                PVD_IRQHandler
                0x08000954                TAMP_STAMP_IRQHandler
                0x08000954                PendSV_Handler
                0x08000954                NMI_Handler
                0x08000954                CAN2_RX1_IRQHandler
                0x08000954                EXTI3_IRQHandler
                0x08000954                TIM8_TRG_COM_TIM14_IRQHandler
                0x08000954                TIM1_UP_TIM10_IRQHandler
                0x08000954                TIM8_UP_TIM13_IRQHandler
                0x08000954                I2C3_ER_IRQHandler
                0x08000954                EXTI0_IRQHandler
                0x08000954                I2C2_EV_IRQHandler
                0x08000954                DMA1_Stream2_IRQHandler
                0x08000954                CAN1_RX0_IRQHandler
                0x08000954                FPU_IRQHandler
                0x08000954                OTG_HS_WKUP_IRQHandler
                0x08000954                UsageFault_Handler
                0x08000954                LTDC_ER_IRQHandler
                0x08000954                CAN2_SCE_IRQHandler
                0x08000954                DMA2_Stream2_IRQHandler
                0x08000954                SPI1_IRQHandler
                0x08000954                TIM6_DAC_IRQHandler
                0x08000954                TIM1_BRK_TIM9_IRQHandler
                0x08000954                DCMI_IRQHandler
                0x08000954                CAN2_RX0_IRQHandler
                0x08000954                DMA2_Stream3_IRQHandler
                0x08000954                SAI2_IRQHandler
                0x08000954                USART6_IRQHandler
                0x08000954                USART3_IRQHandler
                0x08000954                CAN1_RX1_IRQHandler
                0x08000954                UART5_IRQHandler
                0x08000954                DMA2_Stream0_IRQHandler
                0x08000954                TIM4_IRQHandler
                0x08000954                QUADSPI_IRQHandler
                0x08000954                I2C1_EV_IRQHandler
                0x08000954                DMA1_Stream6_IRQHandler
                0x08000954                DMA1_Stream1_IRQHandler
                0x08000954                UART4_IRQHandler
                0x08000954                TIM3_IRQHandler
                0x08000954                RCC_IRQHandler
                0x08000954                TIM8_BRK_TIM12_IRQHandler
                0x08000954                Default_Handler
                0x08000954                CEC_IRQHandler
                0x08000954                EXTI15_10_IRQHandler
                0x08000954                ADC_IRQHandler
                0x08000954                DMA1_Stream7_IRQHandler
                0x08000954                SPI5_IRQHandler
                0x08000954                TIM7_IRQHandler
                0x08000954                SDMMC1_IRQHandler
                0x08000954                CAN2_TX_IRQHandler
                0x08000954                TIM5_IRQHandler
                0x08000954                DMA2_Stream7_IRQHandler
                0x08000954                I2C3_EV_IRQHandler
                0x08000954                EXTI9_5_IRQHandler
                0x08000954                RTC_WKUP_IRQHandler
                0x08000954                LTDC_IRQHandler
                0x08000954                ETH_WKUP_IRQHandler
                0x08000954                SPDIF_RX_IRQHandler
                0x08000954                SPI2_IRQHandler
                0x08000954                OTG_HS_EP1_IN_IRQHandler
                0x08000954                MemManage_Handler
                0x08000954                DMA1_Stream0_IRQHandler
                0x08000954                CAN1_TX_IRQHandler
                0x08000954                SVC_Handler
                0x08000954                EXTI4_IRQHandler
                0x08000954                RNG_IRQHandler
                0x08000954                ETH_IRQHandler
                0x08000954                OTG_HS_EP1_OUT_IRQHandler
                0x08000954                WWDG_IRQHandler
                0x08000954                SPI6_IRQHandler
                0x08000954                I2C4_EV_IRQHandler
                0x08000954                TIM2_IRQHandler
                0x08000954                OTG_FS_WKUP_IRQHandler
                0x08000954                TIM1_TRG_COM_TIM11_IRQHandler
                0x08000954                OTG_HS_IRQHandler
                0x08000954                DMA2D_IRQHandler
                0x08000954                EXTI1_IRQHandler
                0x08000954                UART7_IRQHandler
                0x08000954                USART2_IRQHandler
                0x08000954                I2C2_ER_IRQHandler
                0x08000954                DMA2_Stream1_IRQHandler
                0x08000954                CAN1_SCE_IRQHandler
                0x08000954                FLASH_IRQHandler
                0x08000954                DMA2_Stream4_IRQHandler
                0x08000954                BusFault_Handler
                0x08000954                USART1_IRQHandler
                0x08000954                OTG_FS_IRQHandler
                0x08000954                SPI3_IRQHandler
                0x08000954                DMA1_Stream4_IRQHandler
                0x08000954                I2C1_ER_IRQHandler
                0x08000954                FMC_IRQHandler
                0x08000954                LPTIM1_IRQHandler
                0x08000954                I2C4_ER_IRQHandler
                0x08000954                DMA2_Stream6_IRQHandler
                0x08000954                SAI1_IRQHandler
                0x08000954                DMA1_Stream3_IRQHandler
 *fill*         0x08000956        0x2 
 .text.__libc_init_array
                0x08000958       0x48 c:/program files (x86)/atollic/truestudio for stm32 9.0.0/armtools/bin/../lib/gcc/arm-atollic-eabi/6.3.1/../../../../arm-atollic-eabi/lib/armv7e-m/fpu/fpv5-sp-d16\libc_nano.a(lib_a-init.o)
                0x08000958                __libc_init_array
 *(.glue_7)
 .glue_7        0x080009a0        0x0 linker stubs
 *(.glue_7t)
 .glue_7t       0x080009a0        0x0 linker stubs
 *(.eh_frame)
 .eh_frame      0x080009a0        0x0 c:/program files (x86)/atollic/truestudio for stm32 9.0.0/armtools/bin/../lib/gcc/arm-atollic-eabi/6.3.1/armv7e-m/fpu/fpv5-sp-d16/crtbegin.o
 .eh_frame      0x080009a0        0x4 c:/program files (x86)/atollic/truestudio for stm32 9.0.0/armtools/bin/../lib/gcc/arm-atollic-eabi/6.3.1/armv7e-m/fpu/fpv5-sp-d16/crtend.o
 *(.init)
 .init          0x080009a4        0x4 c:/program files (x86)/atollic/truestudio for stm32 9.0.0/armtools/bin/../lib/gcc/arm-atollic-eabi/6.3.1/armv7e-m/fpu/fpv5-sp-d16/crti.o
                0x080009a4                _init
 .init          0x080009a8        0x8 c:/program files (x86)/atollic/truestudio for stm32 9.0.0/armtools/bin/../lib/gcc/arm-atollic-eabi/6.3.1/armv7e-m/fpu/fpv5-sp-d16/crtn.o
 *(.fini)
 .fini          0x080009b0        0x4 c:/program files (x86)/atollic/truestudio for stm32 9.0.0/armtools/bin/../lib/gcc/arm-atollic-eabi/6.3.1/armv7e-m/fpu/fpv5-sp-d16/crti.o
                0x080009b0                _fini
 .fini          0x080009b4        0x8 c:/program files (x86)/atollic/truestudio for stm32 9.0.0/armtools/bin/../lib/gcc/arm-atollic-eabi/6.3.1/armv7e-m/fpu/fpv5-sp-d16/crtn.o
                0x080009bc                . = ALIGN (0x4)
                0x080009bc                _etext = .

.vfp11_veneer   0x080009bc        0x0
 .vfp11_veneer  0x080009bc        0x0 linker stubs

.v4_bx          0x080009bc        0x0
 .v4_bx         0x080009bc        0x0 linker stubs

.iplt           0x080009bc        0x0
 .iplt          0x080009bc        0x0 c:/program files (x86)/atollic/truestudio for stm32 9.0.0/armtools/bin/../lib/gcc/arm-atollic-eabi/6.3.1/armv7e-m/fpu/fpv5-sp-d16/crtbegin.o

.rodata         0x080009bc       0x18
                0x080009bc                . = ALIGN (0x4)
 *(.rodata)
 .rodata        0x080009bc       0x18 CMSIS\src\system_stm32f7xx.o
                0x080009bc                AHBPrescTable
                0x080009cc                APBPrescTable
 *(.rodata*)
                0x080009d4                . = ALIGN (0x4)

.rel.dyn        0x080009d4        0x0
 .rel.iplt      0x080009d4        0x0 c:/program files (x86)/atollic/truestudio for stm32 9.0.0/armtools/bin/../lib/gcc/arm-atollic-eabi/6.3.1/armv7e-m/fpu/fpv5-sp-d16/crtbegin.o

.ARM.extab
 *(.ARM.extab* .gnu.linkonce.armextab.*)

.ARM            0x080009d4        0x0
                0x080009d4                __exidx_start = .
 *(.ARM.exidx*)
                0x080009d4                __exidx_end = .

.preinit_array  0x080009d4        0x0
                0x080009d4                PROVIDE (__preinit_array_start, .)
 *(.preinit_array*)
                0x080009d4                PROVIDE (__preinit_array_end, .)

.init_array     0x080009d4        0x4
                0x080009d4                PROVIDE (__init_array_start, .)
 *(SORT(.init_array.*))
 *(.init_array*)
 .init_array    0x080009d4        0x4 c:/program files (x86)/atollic/truestudio for stm32 9.0.0/armtools/bin/../lib/gcc/arm-atollic-eabi/6.3.1/armv7e-m/fpu/fpv5-sp-d16/crtbegin.o
                0x080009d8                PROVIDE (__init_array_end, .)

.fini_array     0x080009d8        0x4
                [!provide]                PROVIDE (__fini_array_start, .)
 *(SORT(.fini_array.*))
 *(.fini_array*)
 .fini_array    0x080009d8        0x4 c:/program files (x86)/atollic/truestudio for stm32 9.0.0/armtools/bin/../lib/gcc/arm-atollic-eabi/6.3.1/armv7e-m/fpu/fpv5-sp-d16/crtbegin.o
                [!provide]                PROVIDE (__fini_array_end, .)
                0x080009dc                _sidata = LOADADDR (.data)

.data           0x20010000        0x8 load address 0x080009dc
                0x20010000                . = ALIGN (0x4)
                0x20010000                _sdata = .
 *(.data)
 .data          0x20010000        0x0 c:/program files (x86)/atollic/truestudio for stm32 9.0.0/armtools/bin/../lib/gcc/arm-atollic-eabi/6.3.1/armv7e-m/fpu/fpv5-sp-d16/crti.o
 .data          0x20010000        0x4 c:/program files (x86)/atollic/truestudio for stm32 9.0.0/armtools/bin/../lib/gcc/arm-atollic-eabi/6.3.1/armv7e-m/fpu/fpv5-sp-d16/crtbegin.o
                0x20010000                __dso_handle
 .data          0x20010004        0x4 CMSIS\src\system_stm32f7xx.o
                0x20010004                SystemCoreClock
 .data          0x20010008        0x0 Code\src\DisplayLTDC.o
 .data          0x20010008        0x0 Code\src\InitSystemMCU.o
 .data          0x20010008        0x0 Code\src\main.o
 .data          0x20010008        0x0 Startup\startup_stm32f746xx.o
 .data          0x20010008        0x0 c:/program files (x86)/atollic/truestudio for stm32 9.0.0/armtools/bin/../lib/gcc/arm-atollic-eabi/6.3.1/../../../../arm-atollic-eabi/lib/armv7e-m/fpu/fpv5-sp-d16\libc_nano.a(lib_a-init.o)
 .data          0x20010008        0x0 c:/program files (x86)/atollic/truestudio for stm32 9.0.0/armtools/bin/../lib/gcc/arm-atollic-eabi/6.3.1/armv7e-m/fpu/fpv5-sp-d16/crtend.o
 .data          0x20010008        0x0 c:/program files (x86)/atollic/truestudio for stm32 9.0.0/armtools/bin/../lib/gcc/arm-atollic-eabi/6.3.1/armv7e-m/fpu/fpv5-sp-d16/crtn.o
 *(.data*)
                0x20010008                . = ALIGN (0x4)
                0x20010008                _edata = .
                0x080009e4                _sidtcmram = LOADADDR (.dtcmram)

.igot.plt       0x20010008        0x0 load address 0x080009e4
 .igot.plt      0x20010008        0x0 c:/program files (x86)/atollic/truestudio for stm32 9.0.0/armtools/bin/../lib/gcc/arm-atollic-eabi/6.3.1/armv7e-m/fpu/fpv5-sp-d16/crtbegin.o

.dtcmram        0x20000000        0x0 load address 0x080009e4
                0x20000000                . = ALIGN (0x4)
                0x20000000                _sdtcmram = .
 *(.dtcmram)
 *(.dtcmram*)
                0x20000000                . = ALIGN (0x4)
                0x20000000                _edtcmram = .
                0x080009e4                _sisram2 = LOADADDR (.sram2)

.sram2          0x2004c000        0x0 load address 0x080009e4
                0x2004c000                . = ALIGN (0x4)
                0x2004c000                _ssram2 = .
 *(.sram2)
 *(.sram2*)
                0x2004c000                . = ALIGN (0x4)
                0x2004c000                _esram2 = .
                0x2004c000                . = ALIGN (0x4)

.bss            0x20010008       0x1c
                0x20010008                _sbss = .
                0x20010008                __bss_start__ = _sbss
 *(.bss)
 .bss           0x20010008        0x0 c:/program files (x86)/atollic/truestudio for stm32 9.0.0/armtools/bin/../lib/gcc/arm-atollic-eabi/6.3.1/armv7e-m/fpu/fpv5-sp-d16/crti.o
 .bss           0x20010008       0x1c c:/program files (x86)/atollic/truestudio for stm32 9.0.0/armtools/bin/../lib/gcc/arm-atollic-eabi/6.3.1/armv7e-m/fpu/fpv5-sp-d16/crtbegin.o
 .bss           0x20010024        0x0 CMSIS\src\system_stm32f7xx.o
 .bss           0x20010024        0x0 Code\src\DisplayLTDC.o
 .bss           0x20010024        0x0 Code\src\InitSystemMCU.o
 .bss           0x20010024        0x0 Code\src\main.o
 .bss           0x20010024        0x0 Startup\startup_stm32f746xx.o
 .bss           0x20010024        0x0 c:/program files (x86)/atollic/truestudio for stm32 9.0.0/armtools/bin/../lib/gcc/arm-atollic-eabi/6.3.1/../../../../arm-atollic-eabi/lib/armv7e-m/fpu/fpv5-sp-d16\libc_nano.a(lib_a-init.o)
 .bss           0x20010024        0x0 c:/program files (x86)/atollic/truestudio for stm32 9.0.0/armtools/bin/../lib/gcc/arm-atollic-eabi/6.3.1/armv7e-m/fpu/fpv5-sp-d16/crtend.o
 .bss           0x20010024        0x0 c:/program files (x86)/atollic/truestudio for stm32 9.0.0/armtools/bin/../lib/gcc/arm-atollic-eabi/6.3.1/armv7e-m/fpu/fpv5-sp-d16/crtn.o
 *(.bss*)
 *(COMMON)
                0x20010024                . = ALIGN (0x4)
                0x20010024                _ebss = .
                0x20010024                __bss_end__ = _ebss

._user_heap_stack
                0x20010024      0x400
                0x20010024                . = ALIGN (0x4)
                [!provide]                PROVIDE (end, .)
                [!provide]                PROVIDE (_end, .)
                0x20010024                . = (. + _Min_Heap_Size)
                0x20010424                . = (. + _Min_Stack_Size)
 *fill*         0x20010024      0x400 
                0x20010424                . = ALIGN (0x4)

.memory_b1_text
 *(.mb1text)
 *(.mb1text*)
 *(.mb1rodata)
 *(.mb1rodata*)

/DISCARD/
 libc.a(*)
 libm.a(*)
 libgcc.a(*)

.ARM.attributes
                0x00000000       0x30
 *(.ARM.attributes)
 .ARM.attributes
                0x00000000       0x22 c:/program files (x86)/atollic/truestudio for stm32 9.0.0/armtools/bin/../lib/gcc/arm-atollic-eabi/6.3.1/armv7e-m/fpu/fpv5-sp-d16/crti.o
 .ARM.attributes
                0x00000022       0x34 c:/program files (x86)/atollic/truestudio for stm32 9.0.0/armtools/bin/../lib/gcc/arm-atollic-eabi/6.3.1/armv7e-m/fpu/fpv5-sp-d16/crtbegin.o
 .ARM.attributes
                0x00000056       0x39 CMSIS\src\system_stm32f7xx.o
 .ARM.attributes
                0x0000008f       0x39 Code\src\DisplayLTDC.o
 .ARM.attributes
                0x000000c8       0x39 Code\src\InitSystemMCU.o
 .ARM.attributes
                0x00000101       0x39 Code\src\main.o
 .ARM.attributes
                0x0000013a       0x21 Startup\startup_stm32f746xx.o
 .ARM.attributes
                0x0000015b       0x34 c:/program files (x86)/atollic/truestudio for stm32 9.0.0/armtools/bin/../lib/gcc/arm-atollic-eabi/6.3.1/../../../../arm-atollic-eabi/lib/armv7e-m/fpu/fpv5-sp-d16\libc_nano.a(lib_a-init.o)
 .ARM.attributes
                0x0000018f       0x34 c:/program files (x86)/atollic/truestudio for stm32 9.0.0/armtools/bin/../lib/gcc/arm-atollic-eabi/6.3.1/armv7e-m/fpu/fpv5-sp-d16/crtend.o
 .ARM.attributes
                0x000001c3       0x22 c:/program files (x86)/atollic/truestudio for stm32 9.0.0/armtools/bin/../lib/gcc/arm-atollic-eabi/6.3.1/armv7e-m/fpu/fpv5-sp-d16/crtn.o
OUTPUT(Lesson15.elf elf32-littlearm)

.debug_info     0x00000000     0x1034
 .debug_info    0x00000000      0x6e7 CMSIS\src\system_stm32f7xx.o
 .debug_info    0x000006e7      0x3e6 Code\src\DisplayLTDC.o
 .debug_info    0x00000acd      0x39e Code\src\InitSystemMCU.o
 .debug_info    0x00000e6b      0x12b Code\src\main.o
 .debug_info    0x00000f96       0x9e Startup\startup_stm32f746xx.o

.debug_abbrev   0x00000000      0x38a
 .debug_abbrev  0x00000000      0x12a CMSIS\src\system_stm32f7xx.o
 .debug_abbrev  0x0000012a       0xf2 Code\src\DisplayLTDC.o
 .debug_abbrev  0x0000021c       0xc9 Code\src\InitSystemMCU.o
 .debug_abbrev  0x000002e5       0x93 Code\src\main.o
 .debug_abbrev  0x00000378       0x12 Startup\startup_stm32f746xx.o

.debug_aranges  0x00000000       0xa8
 .debug_aranges
                0x00000000       0x20 CMSIS\src\system_stm32f7xx.o
 .debug_aranges
                0x00000020       0x20 Code\src\DisplayLTDC.o
 .debug_aranges
                0x00000040       0x20 Code\src\InitSystemMCU.o
 .debug_aranges
                0x00000060       0x20 Code\src\main.o
 .debug_aranges
                0x00000080       0x28 Startup\startup_stm32f746xx.o

.debug_line     0x00000000      0x7ff
 .debug_line    0x00000000      0x1e6 CMSIS\src\system_stm32f7xx.o
 .debug_line    0x000001e6      0x22d Code\src\DisplayLTDC.o
 .debug_line    0x00000413      0x1c3 Code\src\InitSystemMCU.o
 .debug_line    0x000005d6      0x1aa Code\src\main.o
 .debug_line    0x00000780       0x7f Startup\startup_stm32f746xx.o

.debug_str      0x00000000      0x4f4
 .debug_str     0x00000000      0x43a CMSIS\src\system_stm32f7xx.o
                                0x48c (size before relaxing)
 .debug_str     0x0000043a       0x79 Code\src\DisplayLTDC.o
                                0x38c (size before relaxing)
 .debug_str     0x000004b3       0x29 Code\src\InitSystemMCU.o
                                0x36e (size before relaxing)
 .debug_str     0x000004dc       0x18 Code\src\main.o
                                0x212 (size before relaxing)

.comment        0x00000000       0x7c
 .comment       0x00000000       0x7c CMSIS\src\system_stm32f7xx.o
                                 0x7d (size before relaxing)
 .comment       0x0000007c       0x7d Code\src\DisplayLTDC.o
 .comment       0x0000007c       0x7d Code\src\InitSystemMCU.o
 .comment       0x0000007c       0x7d Code\src\main.o

.debug_frame    0x00000000      0x160
 .debug_frame   0x00000000       0x58 CMSIS\src\system_stm32f7xx.o
 .debug_frame   0x00000058       0x84 Code\src\DisplayLTDC.o
 .debug_frame   0x000000dc       0x30 Code\src\InitSystemMCU.o
 .debug_frame   0x0000010c       0x28 Code\src\main.o
 .debug_frame   0x00000134       0x2c c:/program files (x86)/atollic/truestudio for stm32 9.0.0/armtools/bin/../lib/gcc/arm-atollic-eabi/6.3.1/../../../../arm-atollic-eabi/lib/armv7e-m/fpu/fpv5-sp-d16\libc_nano.a(lib_a-init.o)

.debug_ranges   0x00000000       0x20
 .debug_ranges  0x00000000       0x20 Startup\startup_stm32f746xx.o

Cross Reference Table

Symbol                                            File
ADC_IRQHandler                                    Startup\startup_stm32f746xx.o
AHBPrescTable                                     CMSIS\src\system_stm32f7xx.o
APBPrescTable                                     CMSIS\src\system_stm32f7xx.o
BusFault_Handler                                  Startup\startup_stm32f746xx.o
CAN1_RX0_IRQHandler                               Startup\startup_stm32f746xx.o
CAN1_RX1_IRQHandler                               Startup\startup_stm32f746xx.o
CAN1_SCE_IRQHandler                               Startup\startup_stm32f746xx.o
CAN1_TX_IRQHandler                                Startup\startup_stm32f746xx.o
CAN2_RX0_IRQHandler                               Startup\startup_stm32f746xx.o
CAN2_RX1_IRQHandler                               Startup\startup_stm32f746xx.o
CAN2_SCE_IRQHandler                               Startup\startup_stm32f746xx.o
CAN2_TX_IRQHandler                                Startup\startup_stm32f746xx.o
CEC_IRQHandler                                    Startup\startup_stm32f746xx.o
DCMI_IRQHandler                                   Startup\startup_stm32f746xx.o
DMA1_Stream0_IRQHandler                           Startup\startup_stm32f746xx.o
DMA1_Stream1_IRQHandler                           Startup\startup_stm32f746xx.o
DMA1_Stream2_IRQHandler                           Startup\startup_stm32f746xx.o
DMA1_Stream3_IRQHandler                           Startup\startup_stm32f746xx.o
DMA1_Stream4_IRQHandler                           Startup\startup_stm32f746xx.o
DMA1_Stream5_IRQHandler                           Startup\startup_stm32f746xx.o
DMA1_Stream6_IRQHandler                           Startup\startup_stm32f746xx.o
DMA1_Stream7_IRQHandler                           Startup\startup_stm32f746xx.o
DMA2D_IRQHandler                                  Startup\startup_stm32f746xx.o
DMA2_Stream0_IRQHandler                           Startup\startup_stm32f746xx.o
DMA2_Stream1_IRQHandler                           Startup\startup_stm32f746xx.o
DMA2_Stream2_IRQHandler                           Startup\startup_stm32f746xx.o
DMA2_Stream3_IRQHandler                           Startup\startup_stm32f746xx.o
DMA2_Stream4_IRQHandler                           Startup\startup_stm32f746xx.o
DMA2_Stream5_IRQHandler                           Startup\startup_stm32f746xx.o
DMA2_Stream6_IRQHandler                           Startup\startup_stm32f746xx.o
DMA2_Stream7_IRQHandler                           Startup\startup_stm32f746xx.o
DebugMon_Handler                                  Startup\startup_stm32f746xx.o
Default_Handler                                   Startup\startup_stm32f746xx.o
DisplayEnable                                     Code\src\DisplayLTDC.o
DisplayLED                                        Code\src\DisplayLTDC.o
ETH_IRQHandler                                    Startup\startup_stm32f746xx.o
ETH_WKUP_IRQHandler                               Startup\startup_stm32f746xx.o
EXTI0_IRQHandler                                  Startup\startup_stm32f746xx.o
EXTI15_10_IRQHandler                              Startup\startup_stm32f746xx.o
EXTI1_IRQHandler                                  Startup\startup_stm32f746xx.o
EXTI2_IRQHandler                                  Startup\startup_stm32f746xx.o
EXTI3_IRQHandler                                  Startup\startup_stm32f746xx.o
EXTI4_IRQHandler                                  Startup\startup_stm32f746xx.o
EXTI9_5_IRQHandler                                Startup\startup_stm32f746xx.o
FLASH_IRQHandler                                  Startup\startup_stm32f746xx.o
FMC_IRQHandler                                    Startup\startup_stm32f746xx.o
FPU_IRQHandler                                    Startup\startup_stm32f746xx.o
HardFault_Handler                                 Startup\startup_stm32f746xx.o
I2C1_ER_IRQHandler                                Startup\startup_stm32f746xx.o
I2C1_EV_IRQHandler                                Startup\startup_stm32f746xx.o
I2C2_ER_IRQHandler                                Startup\startup_stm32f746xx.o
I2C2_EV_IRQHandler                                Startup\startup_stm32f746xx.o
I2C3_ER_IRQHandler                                Startup\startup_stm32f746xx.o
I2C3_EV_IRQHandler                                Startup\startup_stm32f746xx.o
I2C4_ER_IRQHandler                                Startup\startup_stm32f746xx.o
I2C4_EV_IRQHandler                                Startup\startup_stm32f746xx.o
InitBaseGPIO                                      Code\src\InitSystemMCU.o
InitGpioLTDC                                      Code\src\DisplayLTDC.o
LPTIM1_IRQHandler                                 Startup\startup_stm32f746xx.o
LTDC_ER_IRQHandler                                Startup\startup_stm32f746xx.o
LTDC_IRQHandler                                   Startup\startup_stm32f746xx.o
MemManage_Handler                                 Startup\startup_stm32f746xx.o
NMI_Handler                                       Startup\startup_stm32f746xx.o
OTG_FS_IRQHandler                                 Startup\startup_stm32f746xx.o
OTG_FS_WKUP_IRQHandler                            Startup\startup_stm32f746xx.o
OTG_HS_EP1_IN_IRQHandler                          Startup\startup_stm32f746xx.o
OTG_HS_EP1_OUT_IRQHandler                         Startup\startup_stm32f746xx.o
OTG_HS_IRQHandler                                 Startup\startup_stm32f746xx.o
OTG_HS_WKUP_IRQHandler                            Startup\startup_stm32f746xx.o
PVD_IRQHandler                                    Startup\startup_stm32f746xx.o
PendSV_Handler                                    Startup\startup_stm32f746xx.o
QUADSPI_IRQHandler                                Startup\startup_stm32f746xx.o
RCC_IRQHandler                                    Startup\startup_stm32f746xx.o
RNG_IRQHandler                                    Startup\startup_stm32f746xx.o
RTC_Alarm_IRQHandler                              Startup\startup_stm32f746xx.o
RTC_WKUP_IRQHandler                               Startup\startup_stm32f746xx.o
Reset_Handler                                     Startup\startup_stm32f746xx.o
SAI1_IRQHandler                                   Startup\startup_stm32f746xx.o
SAI2_IRQHandler                                   Startup\startup_stm32f746xx.o
SDMMC1_IRQHandler                                 Startup\startup_stm32f746xx.o
SPDIF_RX_IRQHandler                               Startup\startup_stm32f746xx.o
SPI1_IRQHandler                                   Startup\startup_stm32f746xx.o
SPI2_IRQHandler                                   Startup\startup_stm32f746xx.o
SPI3_IRQHandler                                   Startup\startup_stm32f746xx.o
SPI4_IRQHandler                                   Startup\startup_stm32f746xx.o
SPI5_IRQHandler                                   Startup\startup_stm32f746xx.o
SPI6_IRQHandler                                   Startup\startup_stm32f746xx.o
SVC_Handler                                       Startup\startup_stm32f746xx.o
SysTick_Handler                                   Startup\startup_stm32f746xx.o
SystemCoreClock                                   CMSIS\src\system_stm32f7xx.o
SystemCoreClockUpdate                             CMSIS\src\system_stm32f7xx.o
SystemInit                                        CMSIS\src\system_stm32f7xx.o
                                                  Startup\startup_stm32f746xx.o
TAMP_STAMP_IRQHandler                             Startup\startup_stm32f746xx.o
TIM1_BRK_TIM9_IRQHandler                          Startup\startup_stm32f746xx.o
TIM1_CC_IRQHandler                                Startup\startup_stm32f746xx.o
TIM1_TRG_COM_TIM11_IRQHandler                     Startup\startup_stm32f746xx.o
TIM1_UP_TIM10_IRQHandler                          Startup\startup_stm32f746xx.o
TIM2_IRQHandler                                   Startup\startup_stm32f746xx.o
TIM3_IRQHandler                                   Startup\startup_stm32f746xx.o
TIM4_IRQHandler                                   Startup\startup_stm32f746xx.o
TIM5_IRQHandler                                   Startup\startup_stm32f746xx.o
TIM6_DAC_IRQHandler                               Startup\startup_stm32f746xx.o
TIM7_IRQHandler                                   Startup\startup_stm32f746xx.o
TIM8_BRK_TIM12_IRQHandler                         Startup\startup_stm32f746xx.o
TIM8_CC_IRQHandler                                Startup\startup_stm32f746xx.o
TIM8_TRG_COM_TIM14_IRQHandler                     Startup\startup_stm32f746xx.o
TIM8_UP_TIM13_IRQHandler                          Startup\startup_stm32f746xx.o
UART4_IRQHandler                                  Startup\startup_stm32f746xx.o
UART5_IRQHandler                                  Startup\startup_stm32f746xx.o
UART7_IRQHandler                                  Startup\startup_stm32f746xx.o
UART8_IRQHandler                                  Startup\startup_stm32f746xx.o
USART1_IRQHandler                                 Startup\startup_stm32f746xx.o
USART2_IRQHandler                                 Startup\startup_stm32f746xx.o
USART3_IRQHandler                                 Startup\startup_stm32f746xx.o
USART6_IRQHandler                                 Startup\startup_stm32f746xx.o
UsageFault_Handler                                Startup\startup_stm32f746xx.o
WWDG_IRQHandler                                   Startup\startup_stm32f746xx.o
__deregister_frame_info                           c:/program files (x86)/atollic/truestudio for stm32 9.0.0/armtools/bin/../lib/gcc/arm-atollic-eabi/6.3.1/armv7e-m/fpu/fpv5-sp-d16/crtbegin.o
__dso_handle                                      c:/program files (x86)/atollic/truestudio for stm32 9.0.0/armtools/bin/../lib/gcc/arm-atollic-eabi/6.3.1/armv7e-m/fpu/fpv5-sp-d16/crtbegin.o
__init_array_end                                  c:/program files (x86)/atollic/truestudio for stm32 9.0.0/armtools/bin/../lib/gcc/arm-atollic-eabi/6.3.1/../../../../arm-atollic-eabi/lib/armv7e-m/fpu/fpv5-sp-d16\libc_nano.a(lib_a-init.o)
__init_array_start                                c:/program files (x86)/atollic/truestudio for stm32 9.0.0/armtools/bin/../lib/gcc/arm-atollic-eabi/6.3.1/../../../../arm-atollic-eabi/lib/armv7e-m/fpu/fpv5-sp-d16\libc_nano.a(lib_a-init.o)
__libc_init_array                                 c:/program files (x86)/atollic/truestudio for stm32 9.0.0/armtools/bin/../lib/gcc/arm-atollic-eabi/6.3.1/../../../../arm-atollic-eabi/lib/armv7e-m/fpu/fpv5-sp-d16\libc_nano.a(lib_a-init.o)
                                                  Startup\startup_stm32f746xx.o
__preinit_array_end                               c:/program files (x86)/atollic/truestudio for stm32 9.0.0/armtools/bin/../lib/gcc/arm-atollic-eabi/6.3.1/../../../../arm-atollic-eabi/lib/armv7e-m/fpu/fpv5-sp-d16\libc_nano.a(lib_a-init.o)
__preinit_array_start                             c:/program files (x86)/atollic/truestudio for stm32 9.0.0/armtools/bin/../lib/gcc/arm-atollic-eabi/6.3.1/../../../../arm-atollic-eabi/lib/armv7e-m/fpu/fpv5-sp-d16\libc_nano.a(lib_a-init.o)
__register_frame_info                             c:/program files (x86)/atollic/truestudio for stm32 9.0.0/armtools/bin/../lib/gcc/arm-atollic-eabi/6.3.1/armv7e-m/fpu/fpv5-sp-d16/crtbegin.o
_ebss                                             Startup\startup_stm32f746xx.o
_edata                                            Startup\startup_stm32f746xx.o
_estack                                           Startup\startup_stm32f746xx.o
_fini                                             c:/program files (x86)/atollic/truestudio for stm32 9.0.0/armtools/bin/../lib/gcc/arm-atollic-eabi/6.3.1/armv7e-m/fpu/fpv5-sp-d16/crti.o
_init                                             c:/program files (x86)/atollic/truestudio for stm32 9.0.0/armtools/bin/../lib/gcc/arm-atollic-eabi/6.3.1/armv7e-m/fpu/fpv5-sp-d16/crti.o
                                                  c:/program files (x86)/atollic/truestudio for stm32 9.0.0/armtools/bin/../lib/gcc/arm-atollic-eabi/6.3.1/../../../../arm-atollic-eabi/lib/armv7e-m/fpu/fpv5-sp-d16\libc_nano.a(lib_a-init.o)
_sbss                                             Startup\startup_stm32f746xx.o
_sdata                                            Startup\startup_stm32f746xx.o
_sidata                                           Startup\startup_stm32f746xx.o
g_pfnVectors                                      Startup\startup_stm32f746xx.o
main                                              Code\src\main.o
                                                  Startup\startup_stm32f746xx.o
